Archive member included to satisfy reference by file (symbol)

d:/mydocs/documents/system workbench stm/plugins/fr.ac6.mcu.externaltools.arm-none.win32_1.7.0.201602121829/tools/compiler/bin/../lib/gcc/arm-none-eabi/5.2.1/../../../../arm-none-eabi/lib/armv7e-m/fpu\libc_nano.a(lib_a-errno.o)
                              src/syscalls.o (__errno)
d:/mydocs/documents/system workbench stm/plugins/fr.ac6.mcu.externaltools.arm-none.win32_1.7.0.201602121829/tools/compiler/bin/../lib/gcc/arm-none-eabi/5.2.1/../../../../arm-none-eabi/lib/armv7e-m/fpu\libc_nano.a(lib_a-exit.o)
                              d:/mydocs/documents/system workbench stm/plugins/fr.ac6.mcu.externaltools.arm-none.win32_1.7.0.201602121829/tools/compiler/bin/../lib/gcc/arm-none-eabi/5.2.1/../../../../arm-none-eabi/lib/armv7e-m/fpu/crt0.o (exit)
d:/mydocs/documents/system workbench stm/plugins/fr.ac6.mcu.externaltools.arm-none.win32_1.7.0.201602121829/tools/compiler/bin/../lib/gcc/arm-none-eabi/5.2.1/../../../../arm-none-eabi/lib/armv7e-m/fpu\libc_nano.a(lib_a-fgets.o)
                              src/main.o (fgets)
d:/mydocs/documents/system workbench stm/plugins/fr.ac6.mcu.externaltools.arm-none.win32_1.7.0.201602121829/tools/compiler/bin/../lib/gcc/arm-none-eabi/5.2.1/../../../../arm-none-eabi/lib/armv7e-m/fpu\libc_nano.a(lib_a-findfp.o)
                              d:/mydocs/documents/system workbench stm/plugins/fr.ac6.mcu.externaltools.arm-none.win32_1.7.0.201602121829/tools/compiler/bin/../lib/gcc/arm-none-eabi/5.2.1/../../../../arm-none-eabi/lib/armv7e-m/fpu\libc_nano.a(lib_a-fgets.o) (__sinit)
d:/mydocs/documents/system workbench stm/plugins/fr.ac6.mcu.externaltools.arm-none.win32_1.7.0.201602121829/tools/compiler/bin/../lib/gcc/arm-none-eabi/5.2.1/../../../../arm-none-eabi/lib/armv7e-m/fpu\libc_nano.a(lib_a-fwalk.o)
                              d:/mydocs/documents/system workbench stm/plugins/fr.ac6.mcu.externaltools.arm-none.win32_1.7.0.201602121829/tools/compiler/bin/../lib/gcc/arm-none-eabi/5.2.1/../../../../arm-none-eabi/lib/armv7e-m/fpu\libc_nano.a(lib_a-findfp.o) (_fwalk)
d:/mydocs/documents/system workbench stm/plugins/fr.ac6.mcu.externaltools.arm-none.win32_1.7.0.201602121829/tools/compiler/bin/../lib/gcc/arm-none-eabi/5.2.1/../../../../arm-none-eabi/lib/armv7e-m/fpu\libc_nano.a(lib_a-impure.o)
                              d:/mydocs/documents/system workbench stm/plugins/fr.ac6.mcu.externaltools.arm-none.win32_1.7.0.201602121829/tools/compiler/bin/../lib/gcc/arm-none-eabi/5.2.1/../../../../arm-none-eabi/lib/armv7e-m/fpu\libc_nano.a(lib_a-exit.o) (_global_impure_ptr)
d:/mydocs/documents/system workbench stm/plugins/fr.ac6.mcu.externaltools.arm-none.win32_1.7.0.201602121829/tools/compiler/bin/../lib/gcc/arm-none-eabi/5.2.1/../../../../arm-none-eabi/lib/armv7e-m/fpu\libc_nano.a(lib_a-init.o)
                              d:/mydocs/documents/system workbench stm/plugins/fr.ac6.mcu.externaltools.arm-none.win32_1.7.0.201602121829/tools/compiler/bin/../lib/gcc/arm-none-eabi/5.2.1/../../../../arm-none-eabi/lib/armv7e-m/fpu/crt0.o (__libc_init_array)
d:/mydocs/documents/system workbench stm/plugins/fr.ac6.mcu.externaltools.arm-none.win32_1.7.0.201602121829/tools/compiler/bin/../lib/gcc/arm-none-eabi/5.2.1/../../../../arm-none-eabi/lib/armv7e-m/fpu\libc_nano.a(lib_a-memchr.o)
                              d:/mydocs/documents/system workbench stm/plugins/fr.ac6.mcu.externaltools.arm-none.win32_1.7.0.201602121829/tools/compiler/bin/../lib/gcc/arm-none-eabi/5.2.1/../../../../arm-none-eabi/lib/armv7e-m/fpu\libc_nano.a(lib_a-fgets.o) (memchr)
d:/mydocs/documents/system workbench stm/plugins/fr.ac6.mcu.externaltools.arm-none.win32_1.7.0.201602121829/tools/compiler/bin/../lib/gcc/arm-none-eabi/5.2.1/../../../../arm-none-eabi/lib/armv7e-m/fpu\libc_nano.a(lib_a-memcpy-stub.o)
                              d:/mydocs/documents/system workbench stm/plugins/fr.ac6.mcu.externaltools.arm-none.win32_1.7.0.201602121829/tools/compiler/bin/../lib/gcc/arm-none-eabi/5.2.1/../../../../arm-none-eabi/lib/armv7e-m/fpu\libc_nano.a(lib_a-fgets.o) (memcpy)
d:/mydocs/documents/system workbench stm/plugins/fr.ac6.mcu.externaltools.arm-none.win32_1.7.0.201602121829/tools/compiler/bin/../lib/gcc/arm-none-eabi/5.2.1/../../../../arm-none-eabi/lib/armv7e-m/fpu\libc_nano.a(lib_a-memset.o)
                              d:/mydocs/documents/system workbench stm/plugins/fr.ac6.mcu.externaltools.arm-none.win32_1.7.0.201602121829/tools/compiler/bin/../lib/gcc/arm-none-eabi/5.2.1/../../../../arm-none-eabi/lib/armv7e-m/fpu/crt0.o (memset)
d:/mydocs/documents/system workbench stm/plugins/fr.ac6.mcu.externaltools.arm-none.win32_1.7.0.201602121829/tools/compiler/bin/../lib/gcc/arm-none-eabi/5.2.1/../../../../arm-none-eabi/lib/armv7e-m/fpu\libc_nano.a(lib_a-nano-mallocr.o)
[...]
Memory Configuration

Name             Origin             Length             Attributes
RAM              0x20000000         0x00020000         xrw
ROM              0x08000000         0x00080000         xr
*default*        0x00000000         0xffffffff

Linker script and memory map

LOAD d:/mydocs/documents/system workbench stm/plugins/fr.ac6.mcu.externaltools.arm-none.win32_1.7.0.201602121829/tools/compiler/bin/../lib/gcc/arm-none-eabi/5.2.1/armv7e-m/fpu/crti.o
LOAD d:/mydocs/documents/system workbench stm/plugins/fr.ac6.mcu.externaltools.arm-none.win32_1.7.0.201602121829/tools/compiler/bin/../lib/gcc/arm-none-eabi/5.2.1/armv7e-m/fpu/crtbegin.o
LOAD d:/mydocs/documents/system workbench stm/plugins/fr.ac6.mcu.externaltools.arm-none.win32_1.7.0.201602121829/tools/compiler/bin/../lib/gcc/arm-none-eabi/5.2.1/../../../../arm-none-eabi/lib/armv7e-m/fpu/crt0.o
LOAD d:/mydocs/documents/system workbench stm/plugins/fr.ac6.mcu.externaltools.arm-none.win32_1.7.0.201602121829/tools/compiler/bin/../lib/gcc/arm-none-eabi/5.2.1/../../../../arm-none-eabi/lib/armv7e-m/fpu\libm.a
LOAD src/main.o
LOAD src/syscalls.o
LOAD src/uart_driver.o
LOAD startup/startup_stm32.o
LOAD startup/sysmem.o
START GROUP
LOAD d:/mydocs/documents/system workbench stm/plugins/fr.ac6.mcu.externaltools.arm-none.win32_1.7.0.201602121829/tools/compiler/bin/../lib/gcc/arm-none-eabi/5.2.1/armv7e-m/fpu\libgcc.a
LOAD d:/mydocs/documents/system workbench stm/plugins/fr.ac6.mcu.externaltools.arm-none.win32_1.7.0.201602121829/tools/compiler/bin/../lib/gcc/arm-none-eabi/5.2.1/../../../../arm-none-eabi/lib/armv7e-m/fpu\libc_nano.a
END GROUP
START GROUP
LOAD d:/mydocs/documents/system workbench stm/plugins/fr.ac6.mcu.externaltools.arm-none.win32_1.7.0.201602121829/tools/compiler/bin/../lib/gcc/arm-none-eabi/5.2.1/armv7e-m/fpu\libgcc.a
LOAD d:/mydocs/documents/system workbench stm/plugins/fr.ac6.mcu.externaltools.arm-none.win32_1.7.0.201602121829/tools/compiler/bin/../lib/gcc/arm-none-eabi/5.2.1/../../../../arm-none-eabi/lib/armv7e-m/fpu\libc_nano.a
END GROUP
LOAD d:/mydocs/documents/system workbench stm/plugins/fr.ac6.mcu.externaltools.arm-none.win32_1.7.0.201602121829/tools/compiler/bin/../lib/gcc/arm-none-eabi/5.2.1/armv7e-m/fpu/crtend.o
LOAD d:/mydocs/documents/system workbench stm/plugins/fr.ac6.mcu.externaltools.arm-none.win32_1.7.0.201602121829/tools/compiler/bin/../lib/gcc/arm-none-eabi/5.2.1/armv7e-m/fpu/crtn.o
                0x20020000                _estack = 0x20020000
                0x00000000                _Min_Heap_Size = 0x0
                0x00000400                _Min_Stack_Size = 0x400

.isr_vector     0x08000000      0x1c4
                0x08000000                . = ALIGN (0x4)
 *(.isr_vector)
 .isr_vector    0x08000000      0x1c4 startup/startup_stm32.o
                0x08000000                g_pfnVectors
                0x080001c4                . = ALIGN (0x4)

.text           0x080001d0     0x63fc
                0x080001d0                . = ALIGN (0x4)
 *(.text)
 .text          0x080001d0       0xa4 d:/mydocs/documents/system workbench stm/plugins/fr.ac6.mcu.externaltools.arm-none.win32_1.7.0.201602121829/tools/compiler/bin/../lib/gcc/arm-none-eabi/5.2.1/armv7e-m/fpu/crtbegin.o
 *fill*         0x08000274        0xc 
 .text          0x08000280       0xa0 d:/mydocs/documents/system workbench stm/plugins/fr.ac6.mcu.externaltools.arm-none.win32_1.7.0.201602121829/tools/compiler/bin/../lib/gcc/arm-none-eabi/5.2.1/../../../../arm-none-eabi/lib/armv7e-m/fpu\libc_nano.a(lib_a-memchr.o)
                0x08000280                memchr
 .text          0x08000320       0x14 d:/mydocs/documents/system workbench stm/plugins/fr.ac6.mcu.externaltools.arm-none.win32_1.7.0.201602121829/tools/compiler/bin/../lib/gcc/arm-none-eabi/5.2.1/../../../../arm-none-eabi/lib/armv7e-m/fpu\libc_nano.a(lib_a-strcmp.o)
                0x08000320                strcmp
 .text          0x08000334       0x10 d:/mydocs/documents/system workbench stm/plugins/fr.ac6.mcu.externaltools.arm-none.win32_1.7.0.201602121829/tools/compiler/bin/../lib/gcc/arm-none-eabi/5.2.1/../../../../arm-none-eabi/lib/armv7e-m/fpu\libc_nano.a(lib_a-strlen.o)
                0x08000334                strlen
 .text          0x08000344      0x370 d:/mydocs/documents/system workbench stm/plugins/fr.ac6.mcu.externaltools.arm-none.win32_1.7.0.201602121829/tools/compiler/bin/../lib/gcc/arm-none-eabi/5.2.1/armv7e-m/fpu\libgcc.a(_arm_addsubdf3.o)
                0x08000344                __aeabi_drsub
                0x0800034c                __aeabi_dsub
                0x0800034c                __subdf3
                0x08000350                __aeabi_dadd
                0x08000350                __adddf3
                0x080005c8                __floatunsidf
                0x080005c8                __aeabi_ui2d
                0x080005e8                __floatsidf
                0x080005e8                __aeabi_i2d
                0x0800060c                __aeabi_f2d
                0x0800060c                __extendsfdf2
                0x08000648                __floatundidf
                0x08000648                __aeabi_ul2d
                0x08000658                __floatdidf
                0x08000658                __aeabi_l2d
 .text          0x080006b4      0x424 d:/mydocs/documents/system workbench stm/plugins/fr.ac6.mcu.externaltools.arm-none.win32_1.7.0.201602121829/tools/compiler/bin/../lib/gcc/arm-none-eabi/5.2.1/armv7e-m/fpu\libgcc.a(_arm_muldivdf3.o)
                0x080006b4                __aeabi_dmul
                0x080006b4                __muldf3
                0x08000908                __divdf3
                0x08000908                __aeabi_ddiv
 .text          0x08000ad8      0x110 d:/mydocs/documents/system workbench stm/plugins/fr.ac6.mcu.externaltools.arm-none.win32_1.7.0.201602121829/tools/compiler/bin/../lib/gcc/arm-none-eabi/5.2.1/armv7e-m/fpu\libgcc.a(_arm_cmpdf2.o)
                0x08000ad8                __gtdf2
                0x08000ad8                __gedf2
                0x08000ae0                __ltdf2
                0x08000ae0                __ledf2
                0x08000ae8                __nedf2
                0x08000ae8                __eqdf2
                0x08000ae8                __cmpdf2
                0x08000b64                __aeabi_cdrcmple
                0x08000b74                __aeabi_cdcmpeq
                0x08000b74                __aeabi_cdcmple
                0x08000b84                __aeabi_dcmpeq
                0x08000b98                __aeabi_dcmplt
                0x08000bac                __aeabi_dcmple
                0x08000bc0                __aeabi_dcmpge
                0x08000bd4                __aeabi_dcmpgt
 .text          0x08000be8       0x50 d:/mydocs/documents/system workbench stm/plugins/fr.ac6.mcu.externaltools.arm-none.win32_1.7.0.201602121829/tools/compiler/bin/../lib/gcc/arm-none-eabi/5.2.1/armv7e-m/fpu\libgcc.a(_arm_fixdfsi.o)
                0x08000be8                __aeabi_d2iz
                0x08000be8                __fixdfsi
 .text          0x08000c38       0x40 d:/mydocs/documents/system workbench stm/plugins/fr.ac6.mcu.externaltools.arm-none.win32_1.7.0.201602121829/tools/compiler/bin/../lib/gcc/arm-none-eabi/5.2.1/armv7e-m/fpu\libgcc.a(_arm_fixunsdfsi.o)
                0x08000c38                __aeabi_d2uiz
                0x08000c38                __fixunsdfsi
 .text          0x08000c78       0xa0 d:/mydocs/documents/system workbench stm/plugins/fr.ac6.mcu.externaltools.arm-none.win32_1.7.0.201602121829/tools/compiler/bin/../lib/gcc/arm-none-eabi/5.2.1/armv7e-m/fpu\libgcc.a(_arm_truncdfsf2.o)
                0x08000c78                __truncdfsf2
                0x08000c78                __aeabi_d2f
 *(.text*)
 .text.main     0x08000d18      0x260 src/main.o
                0x08000d18                main
 .text._read    0x08000f78       0x80 src/syscalls.o
                0x08000f78                _read
 .text._write   0x08000ff8       0x44 src/syscalls.o
                0x08000ff8                _write
 .text._close   0x0800103c       0x18 src/syscalls.o
                0x0800103c                _close
 .text._fstat   0x08001054       0x20 src/syscalls.o
                0x08001054                _fstat
 .text._isatty  0x08001074       0x18 src/syscalls.o
                0x08001074                _isatty
 .text._lseek   0x0800108c       0x1c src/syscalls.o
                0x0800108c                _lseek
 .text.SysTick_DelaymilS
                0x080010a8       0x4c src/uart_driver.o
                0x080010a8                SysTick_DelaymilS
 .text.buffer_remove
                0x080010f4       0x58 src/uart_driver.o
                0x080010f4                buffer_remove
 .text.buffer_add
                0x0800114c       0x58 src/uart_driver.o
                0x0800114c                buffer_add
 .text.usart2_getch
                0x080011a4       0x74 src/uart_driver.o
                0x080011a4                usart2_getch
 .text.usart2_putch
                0x08001218       0x48 src/uart_driver.o
                0x08001218                usart2_putch
 .text.usart2_rxirq
                0x08001260       0x5c src/uart_driver.o
                0x08001260                usart2_rxirq
 .text.usart2_txirq
                0x080012bc       0x58 src/uart_driver.o
                0x080012bc                usart2_txirq
 .text.USART2_IRQHandler
                0x08001314       0x44 src/uart_driver.o
                0x08001314                USART2_IRQHandler
 .text.init_usart2
                0x08001358       0xec src/uart_driver.o
                0x08001358                init_usart2
 .text.Reset_Handler
                0x08001444       0x60 startup/startup_stm32.o
                0x08001444                Reset_Handler
 .text.Default_Handler
                0x080014a4        0x2 startup/startup_stm32.o
                0x080014a4                RTC_Alarm_IRQHandler
                0x080014a4                EXTI2_IRQHandler
                0x080014a4                TIM8_CC_IRQHandler
                0x080014a4                DebugMon_Handler
                0x080014a4                SPI4_IRQHandler
                0x080014a4                TIM1_CC_IRQHandler
                0x080014a4                DMA2_Stream5_IRQHandler
                0x080014a4                HardFault_Handler
                0x080014a4                DMA1_Stream5_IRQHandler
                0x080014a4                SysTick_Handler
                0x080014a4                PVD_IRQHandler
                0x080014a4                SDIO_IRQHandler
                0x080014a4                TAMP_STAMP_IRQHandler
                0x080014a4                PendSV_Handler
                0x080014a4                NMI_Handler
                0x080014a4                CAN2_RX1_IRQHandler
                0x080014a4                EXTI3_IRQHandler
                0x080014a4                TIM8_TRG_COM_TIM14_IRQHandler
                0x080014a4                TIM1_UP_TIM10_IRQHandler
                0x080014a4                TIM8_UP_TIM13_IRQHandler
                0x080014a4                I2C3_ER_IRQHandler
                0x080014a4                EXTI0_IRQHandler
                0x080014a4                I2C2_EV_IRQHandler
                0x080014a4                DMA1_Stream2_IRQHandler
                0x080014a4                CAN1_RX0_IRQHandler
                0x080014a4                FPU_IRQHandler
                0x080014a4                OTG_HS_WKUP_IRQHandler
                0x080014a4                UsageFault_Handler
                0x080014a4                CAN2_SCE_IRQHandler
                0x080014a4                DMA2_Stream2_IRQHandler
                0x080014a4                SPI1_IRQHandler
                0x080014a4                TIM6_DAC_IRQHandler
                0x080014a4                TIM1_BRK_TIM9_IRQHandler
                0x080014a4                DCMI_IRQHandler
                0x080014a4                CAN2_RX0_IRQHandler
                0x080014a4                DMA2_Stream3_IRQHandler
                0x080014a4                FMPI2C1_IRQHandler
                0x080014a4                SAI2_IRQHandler
                0x080014a4                USART6_IRQHandler
                0x080014a4                USART3_IRQHandler
                0x080014a4                CAN1_RX1_IRQHandler
                0x080014a4                UART5_IRQHandler
                0x080014a4                DMA2_Stream0_IRQHandler
                0x080014a4                TIM4_IRQHandler
                0x080014a4                QUADSPI_IRQHandler
                0x080014a4                I2C1_EV_IRQHandler
                0x080014a4                HDMI_CEC_IRQHandler
                0x080014a4                DMA1_Stream6_IRQHandler
                0x080014a4                DMA1_Stream1_IRQHandler
                0x080014a4                UART4_IRQHandler
                0x080014a4                TIM3_IRQHandler
                0x080014a4                RCC_IRQHandler
                0x080014a4                TIM8_BRK_TIM12_IRQHandler
                0x080014a4                Default_Handler
                0x080014a4                EXTI15_10_IRQHandler
                0x080014a4                ADC_IRQHandler
                0x080014a4                DMA1_Stream7_IRQHandler
                0x080014a4                TIM7_IRQHandler
                0x080014a4                CAN2_TX_IRQHandler
                0x080014a4                TIM5_IRQHandler
                0x080014a4                DMA2_Stream7_IRQHandler
                0x080014a4                I2C3_EV_IRQHandler
                0x080014a4                EXTI9_5_IRQHandler
                0x080014a4                RTC_WKUP_IRQHandler
                0x080014a4                SPDIF_RX_IRQHandler
                0x080014a4                SPI2_IRQHandler
                0x080014a4                OTG_HS_EP1_IN_IRQHandler
                0x080014a4                MemManage_Handler
                0x080014a4                DMA1_Stream0_IRQHandler
                0x080014a4                CAN1_TX_IRQHandler
                0x080014a4                SVC_Handler
                0x080014a4                EXTI4_IRQHandler
                0x080014a4                OTG_HS_EP1_OUT_IRQHandler
                0x080014a4                WWDG_IRQHandler
                0x080014a4                TIM2_IRQHandler
                0x080014a4                OTG_FS_WKUP_IRQHandler
                0x080014a4                TIM1_TRG_COM_TIM11_IRQHandler
                0x080014a4                OTG_HS_IRQHandler
                0x080014a4                EXTI1_IRQHandler
                0x080014a4                I2C2_ER_IRQHandler
                0x080014a4                DMA2_Stream1_IRQHandler
                0x080014a4                CAN1_SCE_IRQHandler
                0x080014a4                FLASH_IRQHandler
                0x080014a4                DMA2_Stream4_IRQHandler
                0x080014a4                BusFault_Handler
                0x080014a4                USART1_IRQHandler
                0x080014a4                OTG_FS_IRQHandler
                0x080014a4                SPI3_IRQHandler
                0x080014a4                DMA1_Stream4_IRQHandler
                0x080014a4                I2C1_ER_IRQHandler
                0x080014a4                FMC_IRQHandler
                0x080014a4                DMA2_Stream6_IRQHandler
                0x080014a4                SAI1_IRQHandler
                0x080014a4                DMA1_Stream3_IRQHandler
                0x080014a4                FMPI2C1_Error_IRQHandler
 *fill*         0x080014a6        0x2 
 .text._sbrk    0x080014a8       0x58 startup/sysmem.o
                0x080014a8                _sbrk
 .text.__errno  0x08001500        0xc d:/mydocs/documents/system workbench stm/plugins/fr.ac6.mcu.externaltools.arm-none.win32_1.7.0.201602121829/tools/compiler/bin/../lib/gcc/arm-none-eabi/5.2.1/../../../../arm-none-eabi/lib/armv7e-m/fpu\libc_nano.a(lib_a-errno.o)
                0x08001500                __errno
 .text._fgets_r
                0x0800150c       0xc4 d:/mydocs/documents/system workbench stm/plugins/fr.ac6.mcu.externaltools.arm-none.win32_1.7.0.201602121829/tools/compiler/bin/../lib/gcc/arm-none-eabi/5.2.1/../../../../arm-none-eabi/lib/armv7e-m/fpu\libc_nano.a(lib_a-fgets.o)
                0x0800150c                _fgets_r
 .text.fgets    0x080015d0       0x14 d:/mydocs/documents/system workbench stm/plugins/fr.ac6.mcu.externaltools.arm-none.win32_1.7.0.201602121829/tools/compiler/bin/../lib/gcc/arm-none-eabi/5.2.1/../../../../arm-none-eabi/lib/armv7e-m/fpu\libc_nano.a(lib_a-fgets.o)
                0x080015d0                fgets
 .text._cleanup_r
                0x080015e4        0xc d:/mydocs/documents/system workbench stm/plugins/fr.ac6.mcu.externaltools.arm-none.win32_1.7.0.201602121829/tools/compiler/bin/../lib/gcc/arm-none-eabi/5.2.1/../../../../arm-none-eabi/lib/armv7e-m/fpu\libc_nano.a(lib_a-findfp.o)
                0x080015e4                _cleanup_r
 .text.std.isra.0
                0x080015f0       0x48 d:/mydocs/documents/system workbench stm/plugins/fr.ac6.mcu.externaltools.arm-none.win32_1.7.0.201602121829/tools/compiler/bin/../lib/gcc/arm-none-eabi/5.2.1/../../../../arm-none-eabi/lib/armv7e-m/fpu\libc_nano.a(lib_a-findfp.o)
 .text.__sfmoreglue
                0x08001638       0x2c d:/mydocs/documents/system workbench stm/plugins/fr.ac6.mcu.externaltools.arm-none.win32_1.7.0.201602121829/tools/compiler/bin/../lib/gcc/arm-none-eabi/5.2.1/../../../../arm-none-eabi/lib/armv7e-m/fpu\libc_nano.a(lib_a-findfp.o)
                0x08001638                __sfmoreglue
 .text.__sinit  0x08001664       0x60 d:/mydocs/documents/system workbench stm/plugins/fr.ac6.mcu.externaltools.arm-none.win32_1.7.0.201602121829/tools/compiler/bin/../lib/gcc/arm-none-eabi/5.2.1/../../../../arm-none-eabi/lib/armv7e-m/fpu\libc_nano.a(lib_a-findfp.o)
                0x08001664                __sinit
 .text.__sfp    0x080016c4       0x78 d:/mydocs/documents/system workbench stm/plugins/fr.ac6.mcu.externaltools.arm-none.win32_1.7.0.201602121829/tools/compiler/bin/../lib/gcc/arm-none-eabi/5.2.1/../../../../arm-none-eabi/lib/armv7e-m/fpu\libc_nano.a(lib_a-findfp.o)
                0x080016c4                __sfp
 .text._fwalk   0x0800173c       0x38 d:/mydocs/documents/system workbench stm/plugins/fr.ac6.mcu.externaltools.arm-none.win32_1.7.0.201602121829/tools/compiler/bin/../lib/gcc/arm-none-eabi/5.2.1/../../../../arm-none-eabi/lib/armv7e-m/fpu\libc_nano.a(lib_a-fwalk.o)
                0x0800173c                _fwalk
 .text._fwalk_reent
                0x08001774       0x3c d:/mydocs/documents/system workbench stm/plugins/fr.ac6.mcu.externaltools.arm-none.win32_1.7.0.201602121829/tools/compiler/bin/../lib/gcc/arm-none-eabi/5.2.1/../../../../arm-none-eabi/lib/armv7e-m/fpu\libc_nano.a(lib_a-fwalk.o)
                0x08001774                _fwalk_reent
 .text.__libc_init_array
                0x080017b0       0x4c d:/mydocs/documents/system workbench stm/plugins/fr.ac6.mcu.externaltools.arm-none.win32_1.7.0.201602121829/tools/compiler/bin/../lib/gcc/arm-none-eabi/5.2.1/../../../../arm-none-eabi/lib/armv7e-m/fpu\libc_nano.a(lib_a-init.o)
                0x080017b0                __libc_init_array
 .text.memcpy   0x080017fc       0x16 d:/mydocs/documents/system workbench stm/plugins/fr.ac6.mcu.externaltools.arm-none.win32_1.7.0.201602121829/tools/compiler/bin/../lib/gcc/arm-none-eabi/5.2.1/../../../../arm-none-eabi/lib/armv7e-m/fpu\libc_nano.a(lib_a-memcpy-stub.o)
                0x080017fc                memcpy
 .text.memset   0x08001812       0x10 d:/mydocs/documents/system workbench stm/plugins/fr.ac6.mcu.externaltools.arm-none.win32_1.7.0.201602121829/tools/compiler/bin/../lib/gcc/arm-none-eabi/5.2.1/../../../../arm-none-eabi/lib/armv7e-m/fpu\libc_nano.a(lib_a-memset.o)
                0x08001812                memset
 *fill*         0x08001822        0x2 
 .text._malloc_r
                0x08001824       0xa8 d:/mydocs/documents/system workbench stm/plugins/fr.ac6.mcu.externaltools.arm-none.win32_1.7.0.201602121829/tools/compiler/bin/../lib/gcc/arm-none-eabi/5.2.1/../../../../arm-none-eabi/lib/armv7e-m/fpu\libc_nano.a(lib_a-nano-mallocr.o)
                0x08001824                _malloc_r
 .text.__cvt    0x080018cc       0xc8 d:/mydocs/documents/system workbench stm/plugins/fr.ac6.mcu.externaltools.arm-none.win32_1.7.0.201602121829/tools/compiler/bin/../lib/gcc/arm-none-eabi/5.2.1/../../../../arm-none-eabi/lib/armv7e-m/fpu\libc_nano.a(lib_a-nano-vfprintf_float.o)
                0x080018cc                __cvt
 .text.__exponent
                0x08001994       0x60 d:/mydocs/documents/system workbench stm/plugins/fr.ac6.mcu.externaltools.arm-none.win32_1.7.0.201602121829/tools/compiler/bin/../lib/gcc/arm-none-eabi/5.2.1/../../../../arm-none-eabi/lib/armv7e-m/fpu\libc_nano.a(lib_a-nano-vfprintf_float.o)
                0x08001994                __exponent
 .text._printf_float
                0x080019f4      0x454 d:/mydocs/documents/system workbench stm/plugins/fr.ac6.mcu.externaltools.arm-none.win32_1.7.0.201602121829/tools/compiler/bin/../lib/gcc/arm-none-eabi/5.2.1/../../../../arm-none-eabi/lib/armv7e-m/fpu\libc_nano.a(lib_a-nano-vfprintf_float.o)
                0x080019f4                _printf_float
 .text._printf_common
                0x08001e48       0xec d:/mydocs/documents/system workbench stm/plugins/fr.ac6.mcu.externaltools.arm-none.win32_1.7.0.201602121829/tools/compiler/bin/../lib/gcc/arm-none-eabi/5.2.1/../../../../arm-none-eabi/lib/armv7e-m/fpu\libc_nano.a(lib_a-nano-vfprintf_i.o)
                0x08001e48                _printf_common
 .text._printf_i
                0x08001f34      0x24c d:/mydocs/documents/system workbench stm/plugins/fr.ac6.mcu.externaltools.arm-none.win32_1.7.0.201602121829/tools/compiler/bin/../lib/gcc/arm-none-eabi/5.2.1/../../../../arm-none-eabi/lib/armv7e-m/fpu\libc_nano.a(lib_a-nano-vfprintf_i.o)
                0x08001f34                _printf_i
 .text._scanf_float
                0x08002180      0x3b8 d:/mydocs/documents/system workbench stm/plugins/fr.ac6.mcu.externaltools.arm-none.win32_1.7.0.201602121829/tools/compiler/bin/../lib/gcc/arm-none-eabi/5.2.1/../../../../arm-none-eabi/lib/armv7e-m/fpu\libc_nano.a(lib_a-nano-vfscanf_float.o)
                0x08002180                _scanf_float
 .text.printf   0x08002538       0x30 d:/mydocs/documents/system workbench stm/plugins/fr.ac6.mcu.externaltools.arm-none.win32_1.7.0.201602121829/tools/compiler/bin/../lib/gcc/arm-none-eabi/5.2.1/../../../../arm-none-eabi/lib/armv7e-m/fpu\libc_nano.a(lib_a-printf.o)
                0x08002538                iprintf
                0x08002538                printf
 .text.putchar  0x08002568       0x28 d:/mydocs/documents/system workbench stm/plugins/fr.ac6.mcu.externaltools.arm-none.win32_1.7.0.201602121829/tools/compiler/bin/../lib/gcc/arm-none-eabi/5.2.1/../../../../arm-none-eabi/lib/armv7e-m/fpu\libc_nano.a(lib_a-putchar.o)
                0x08002568                putchar
 .text._puts_r  0x08002590       0xf0 d:/mydocs/documents/system workbench stm/plugins/fr.ac6.mcu.externaltools.arm-none.win32_1.7.0.201602121829/tools/compiler/bin/../lib/gcc/arm-none-eabi/5.2.1/../../../../arm-none-eabi/lib/armv7e-m/fpu\libc_nano.a(lib_a-puts.o)
                0x08002590                _puts_r
 .text.puts     0x08002680       0x10 d:/mydocs/documents/system workbench stm/plugins/fr.ac6.mcu.externaltools.arm-none.win32_1.7.0.201602121829/tools/compiler/bin/../lib/gcc/arm-none-eabi/5.2.1/../../../../arm-none-eabi/lib/armv7e-m/fpu\libc_nano.a(lib_a-puts.o)
                0x08002680                puts
 .text.lflush   0x08002690       0x12 d:/mydocs/documents/system workbench stm/plugins/fr.ac6.mcu.externaltools.arm-none.win32_1.7.0.201602121829/tools/compiler/bin/../lib/gcc/arm-none-eabi/5.2.1/../../../../arm-none-eabi/lib/armv7e-m/fpu\libc_nano.a(lib_a-refill.o)
 *fill*         0x080026a2        0x2 
 .text.__srefill_r
                0x080026a4      0x10c d:/mydocs/documents/system workbench stm/plugins/fr.ac6.mcu.externaltools.arm-none.win32_1.7.0.201602121829/tools/compiler/bin/../lib/gcc/arm-none-eabi/5.2.1/../../../../arm-none-eabi/lib/armv7e-m/fpu\libc_nano.a(lib_a-refill.o)
                0x080026a4                __srefill_r
 .text.__fpclassifyd
                0x080027b0       0x58 d:/mydocs/documents/system workbench stm/plugins/fr.ac6.mcu.externaltools.arm-none.win32_1.7.0.201602121829/tools/compiler/bin/../lib/gcc/arm-none-eabi/5.2.1/../../../../arm-none-eabi/lib/armv7e-m/fpu\libc_nano.a(lib_a-s_fpclassify.o)
                0x080027b0                __fpclassifyd
 .text._sbrk_r  0x08002808       0x20 d:/mydocs/documents/system workbench stm/plugins/fr.ac6.mcu.externaltools.arm-none.win32_1.7.0.201602121829/tools/compiler/bin/../lib/gcc/arm-none-eabi/5.2.1/../../../../arm-none-eabi/lib/armv7e-m/fpu\libc_nano.a(lib_a-sbrkr.o)
                0x08002808                _sbrk_r
 .text.setvbuf  0x08002828      0x110 d:/mydocs/documents/system workbench stm/plugins/fr.ac6.mcu.externaltools.arm-none.win32_1.7.0.201602121829/tools/compiler/bin/../lib/gcc/arm-none-eabi/5.2.1/../../../../arm-none-eabi/lib/armv7e-m/fpu\libc_nano.a(lib_a-setvbuf.o)
                0x08002828                setvbuf
 .text.nanf     0x08002938        0xc d:/mydocs/documents/system workbench stm/plugins/fr.ac6.mcu.externaltools.arm-none.win32_1.7.0.201602121829/tools/compiler/bin/../lib/gcc/arm-none-eabi/5.2.1/../../../../arm-none-eabi/lib/armv7e-m/fpu\libc_nano.a(lib_a-sf_nan.o)
                0x08002938                nanf
 .text.sprintf  0x08002944       0x48 d:/mydocs/documents/system workbench stm/plugins/fr.ac6.mcu.externaltools.arm-none.win32_1.7.0.201602121829/tools/compiler/bin/../lib/gcc/arm-none-eabi/5.2.1/../../../../arm-none-eabi/lib/armv7e-m/fpu\libc_nano.a(lib_a-sprintf.o)
                0x08002944                siprintf
                0x08002944                sprintf
 .text.sscanf   0x0800298c       0x54 d:/mydocs/documents/system workbench stm/plugins/fr.ac6.mcu.externaltools.arm-none.win32_1.7.0.201602121829/tools/compiler/bin/../lib/gcc/arm-none-eabi/5.2.1/../../../../arm-none-eabi/lib/armv7e-m/fpu\libc_nano.a(lib_a-sscanf.o)
                0x0800298c                siscanf
                0x0800298c                sscanf
 .text.__sread  0x080029e0       0x22 d:/mydocs/documents/system workbench stm/plugins/fr.ac6.mcu.externaltools.arm-none.win32_1.7.0.201602121829/tools/compiler/bin/../lib/gcc/arm-none-eabi/5.2.1/../../../../arm-none-eabi/lib/armv7e-m/fpu\libc_nano.a(lib_a-stdio.o)
                0x080029e0                __sread
 .text.__seofread
                0x08002a02        0x4 d:/mydocs/documents/system workbench stm/plugins/fr.ac6.mcu.externaltools.arm-none.win32_1.7.0.201602121829/tools/compiler/bin/../lib/gcc/arm-none-eabi/5.2.1/../../../../arm-none-eabi/lib/armv7e-m/fpu\libc_nano.a(lib_a-stdio.o)
                0x08002a02                __seofread
 .text.__swrite
                0x08002a06       0x38 d:/mydocs/documents/system workbench stm/plugins/fr.ac6.mcu.externaltools.arm-none.win32_1.7.0.201602121829/tools/compiler/bin/../lib/gcc/arm-none-eabi/5.2.1/../../../../arm-none-eabi/lib/armv7e-m/fpu\libc_nano.a(lib_a-stdio.o)
                0x08002a06                __swrite
 .text.__sseek  0x08002a3e       0x24 d:/mydocs/documents/system workbench stm/plugins/fr.ac6.mcu.externaltools.arm-none.win32_1.7.0.201602121829/tools/compiler/bin/../lib/gcc/arm-none-eabi/5.2.1/../../../../arm-none-eabi/lib/armv7e-m/fpu\libc_nano.a(lib_a-stdio.o)
                0x08002a3e                __sseek
 .text.__sclose
                0x08002a62        0x8 d:/mydocs/documents/system workbench stm/plugins/fr.ac6.mcu.externaltools.arm-none.win32_1.7.0.201602121829/tools/compiler/bin/../lib/gcc/arm-none-eabi/5.2.1/../../../../arm-none-eabi/lib/armv7e-m/fpu\libc_nano.a(lib_a-stdio.o)
                0x08002a62                __sclose
 .text.strchr   0x08002a6a       0x1c d:/mydocs/documents/system workbench stm/plugins/fr.ac6.mcu.externaltools.arm-none.win32_1.7.0.201602121829/tools/compiler/bin/../lib/gcc/arm-none-eabi/5.2.1/../../../../arm-none-eabi/lib/armv7e-m/fpu\libc_nano.a(lib_a-strchr.o)
                0x08002a6a                strchr
 .text.sulp     0x08002a86       0x38 d:/mydocs/documents/system workbench stm/plugins/fr.ac6.mcu.externaltools.arm-none.win32_1.7.0.201602121829/tools/compiler/bin/../lib/gcc/arm-none-eabi/5.2.1/../../../../arm-none-eabi/lib/armv7e-m/fpu\libc_nano.a(lib_a-strtod.o)
 *fill*         0x08002abe        0x2 
 .text._strtod_r
                0x08002ac0      0xc00 d:/mydocs/documents/system workbench stm/plugins/fr.ac6.mcu.externaltools.arm-none.win32_1.7.0.201602121829/tools/compiler/bin/../lib/gcc/arm-none-eabi/5.2.1/../../../../arm-none-eabi/lib/armv7e-m/fpu\libc_nano.a(lib_a-strtod.o)
                0x08002ac0                _strtod_r
 .text._strtol_r
                0x080036c0      0x10c d:/mydocs/documents/system workbench stm/plugins/fr.ac6.mcu.externaltools.arm-none.win32_1.7.0.201602121829/tools/compiler/bin/../lib/gcc/arm-none-eabi/5.2.1/../../../../arm-none-eabi/lib/armv7e-m/fpu\libc_nano.a(lib_a-strtol.o)
                0x080036c0                _strtol_r
 .text.__swbuf_r
                0x080037cc       0xa8 d:/mydocs/documents/system workbench stm/plugins/fr.ac6.mcu.externaltools.arm-none.win32_1.7.0.201602121829/tools/compiler/bin/../lib/gcc/arm-none-eabi/5.2.1/../../../../arm-none-eabi/lib/armv7e-m/fpu\libc_nano.a(lib_a-wbuf.o)
                0x080037cc                __swbuf_r
 .text._write_r
                0x08003874       0x24 d:/mydocs/documents/system workbench stm/plugins/fr.ac6.mcu.externaltools.arm-none.win32_1.7.0.201602121829/tools/compiler/bin/../lib/gcc/arm-none-eabi/5.2.1/../../../../arm-none-eabi/lib/armv7e-m/fpu\libc_nano.a(lib_a-writer.o)
                0x08003874                _write_r
 .text.__swsetup_r
                0x08003898       0xd8 d:/mydocs/documents/system workbench stm/plugins/fr.ac6.mcu.externaltools.arm-none.win32_1.7.0.201602121829/tools/compiler/bin/../lib/gcc/arm-none-eabi/5.2.1/../../../../arm-none-eabi/lib/armv7e-m/fpu\libc_nano.a(lib_a-wsetup.o)
                0x08003898                __swsetup_r
 .text._close_r
                0x08003970       0x20 d:/mydocs/documents/system workbench stm/plugins/fr.ac6.mcu.externaltools.arm-none.win32_1.7.0.201602121829/tools/compiler/bin/../lib/gcc/arm-none-eabi/5.2.1/../../../../arm-none-eabi/lib/armv7e-m/fpu\libc_nano.a(lib_a-closer.o)
                0x08003970                _close_r
 .text.quorem   0x08003990      0x11e d:/mydocs/documents/system workbench stm/plugins/fr.ac6.mcu.externaltools.arm-none.win32_1.7.0.201602121829/tools/compiler/bin/../lib/gcc/arm-none-eabi/5.2.1/../../../../arm-none-eabi/lib/armv7e-m/fpu\libc_nano.a(lib_a-dtoa.o)
 *fill*         0x08003aae        0x2 
 .text._dtoa_r  0x08003ab0      0xb40 d:/mydocs/documents/system workbench stm/plugins/fr.ac6.mcu.externaltools.arm-none.win32_1.7.0.201602121829/tools/compiler/bin/../lib/gcc/arm-none-eabi/5.2.1/../../../../arm-none-eabi/lib/armv7e-m/fpu\libc_nano.a(lib_a-dtoa.o)
                0x08003ab0                _dtoa_r
 .text.__sflush_r
                0x080045f0      0x110 d:/mydocs/documents/system workbench stm/plugins/fr.ac6.mcu.externaltools.arm-none.win32_1.7.0.201602121829/tools/compiler/bin/../lib/gcc/arm-none-eabi/5.2.1/../../../../arm-none-eabi/lib/armv7e-m/fpu\libc_nano.a(lib_a-fflush.o)
                0x080045f0                __sflush_r
 .text._fflush_r
                0x08004700       0x54 d:/mydocs/documents/system workbench stm/plugins/fr.ac6.mcu.externaltools.arm-none.win32_1.7.0.201602121829/tools/compiler/bin/../lib/gcc/arm-none-eabi/5.2.1/../../../../arm-none-eabi/lib/armv7e-m/fpu\libc_nano.a(lib_a-fflush.o)
                0x08004700                _fflush_r
 .text.fflush   0x08004754       0x24 d:/mydocs/documents/system workbench stm/plugins/fr.ac6.mcu.externaltools.arm-none.win32_1.7.0.201602121829/tools/compiler/bin/../lib/gcc/arm-none-eabi/5.2.1/../../../../arm-none-eabi/lib/armv7e-m/fpu\libc_nano.a(lib_a-fflush.o)
                0x08004754                fflush
 .text.rshift   0x08004778       0x6c d:/mydocs/documents/system workbench stm/plugins/fr.ac6.mcu.externaltools.arm-none.win32_1.7.0.201602121829/tools/compiler/bin/../lib/gcc/arm-none-eabi/5.2.1/../../../../arm-none-eabi/lib/armv7e-m/fpu\libc_nano.a(lib_a-gdtoa-gethex.o)
 .text.__hexdig_fun
                0x080047e4       0x2a d:/mydocs/documents/system workbench stm/plugins/fr.ac6.mcu.externaltools.arm-none.win32_1.7.0.201602121829/tools/compiler/bin/../lib/gcc/arm-none-eabi/5.2.1/../../../../arm-none-eabi/lib/armv7e-m/fpu\libc_nano.a(lib_a-gdtoa-gethex.o)
                0x080047e4                __hexdig_fun
 .text.__gethex
                0x0800480e      0x43e d:/mydocs/documents/system workbench stm/plugins/fr.ac6.mcu.externaltools.arm-none.win32_1.7.0.201602121829/tools/compiler/bin/../lib/gcc/arm-none-eabi/5.2.1/../../../../arm-none-eabi/lib/armv7e-m/fpu\libc_nano.a(lib_a-gdtoa-gethex.o)
                0x0800480e                __gethex
 .text.L_shift  0x08004c4c       0x24 d:/mydocs/documents/system workbench stm/plugins/fr.ac6.mcu.externaltools.arm-none.win32_1.7.0.201602121829/tools/compiler/bin/../lib/gcc/arm-none-eabi/5.2.1/../../../../arm-none-eabi/lib/armv7e-m/fpu\libc_nano.a(lib_a-gdtoa-hexnan.o)
 .text.__match  0x08004c70       0x26 d:/mydocs/documents/system workbench stm/plugins/fr.ac6.mcu.externaltools.arm-none.win32_1.7.0.201602121829/tools/compiler/bin/../lib/gcc/arm-none-eabi/5.2.1/../../../../arm-none-eabi/lib/armv7e-m/fpu\libc_nano.a(lib_a-gdtoa-hexnan.o)
                0x08004c70                __match
 .text.__hexnan
                0x08004c96      0x11c d:/mydocs/documents/system workbench stm/plugins/fr.ac6.mcu.externaltools.arm-none.win32_1.7.0.201602121829/tools/compiler/bin/../lib/gcc/arm-none-eabi/5.2.1/../../../../arm-none-eabi/lib/armv7e-m/fpu\libc_nano.a(lib_a-gdtoa-hexnan.o)
                0x08004c96                __hexnan
 *fill*         0x08004db2        0x2 
 .text._localeconv_r
                0x08004db4        0x8 d:/mydocs/documents/system workbench stm/plugins/fr.ac6.mcu.externaltools.arm-none.win32_1.7.0.201602121829/tools/compiler/bin/../lib/gcc/arm-none-eabi/5.2.1/../../../../arm-none-eabi/lib/armv7e-m/fpu\libc_nano.a(lib_a-locale.o)
                0x08004db4                _localeconv_r
 .text._lseek_r
                0x08004dbc       0x24 d:/mydocs/documents/system workbench stm/plugins/fr.ac6.mcu.externaltools.arm-none.win32_1.7.0.201602121829/tools/compiler/bin/../lib/gcc/arm-none-eabi/5.2.1/../../../../arm-none-eabi/lib/armv7e-m/fpu\libc_nano.a(lib_a-lseekr.o)
                0x08004dbc                _lseek_r
 .text.__smakebuf_r
                0x08004de0       0x9c d:/mydocs/documents/system workbench stm/plugins/fr.ac6.mcu.externaltools.arm-none.win32_1.7.0.201602121829/tools/compiler/bin/../lib/gcc/arm-none-eabi/5.2.1/../../../../arm-none-eabi/lib/armv7e-m/fpu\libc_nano.a(lib_a-makebuf.o)
                0x08004de0                __smakebuf_r
 .text.malloc   0x08004e7c       0x10 d:/mydocs/documents/system workbench stm/plugins/fr.ac6.mcu.externaltools.arm-none.win32_1.7.0.201602121829/tools/compiler/bin/../lib/gcc/arm-none-eabi/5.2.1/../../../../arm-none-eabi/lib/armv7e-m/fpu\libc_nano.a(lib_a-malloc.o)
                0x08004e7c                malloc
 .text._Balloc  0x08004e8c       0x6a d:/mydocs/documents/system workbench stm/plugins/fr.ac6.mcu.externaltools.arm-none.win32_1.7.0.201602121829/tools/compiler/bin/../lib/gcc/arm-none-eabi/5.2.1/../../../../arm-none-eabi/lib/armv7e-m/fpu\libc_nano.a(lib_a-mprec.o)
                0x08004e8c                _Balloc
 .text._Bfree   0x08004ef6       0x2e d:/mydocs/documents/system workbench stm/plugins/fr.ac6.mcu.externaltools.arm-none.win32_1.7.0.201602121829/tools/compiler/bin/../lib/gcc/arm-none-eabi/5.2.1/../../../../arm-none-eabi/lib/armv7e-m/fpu\libc_nano.a(lib_a-mprec.o)
                0x08004ef6                _Bfree
 .text.__multadd
                0x08004f24       0x76 d:/mydocs/documents/system workbench stm/plugins/fr.ac6.mcu.externaltools.arm-none.win32_1.7.0.201602121829/tools/compiler/bin/../lib/gcc/arm-none-eabi/5.2.1/../../../../arm-none-eabi/lib/armv7e-m/fpu\libc_nano.a(lib_a-mprec.o)
                0x08004f24                __multadd
 .text.__s2b    0x08004f9a       0x7c d:/mydocs/documents/system workbench stm/plugins/fr.ac6.mcu.externaltools.arm-none.win32_1.7.0.201602121829/tools/compiler/bin/../lib/gcc/arm-none-eabi/5.2.1/../../../../arm-none-eabi/lib/armv7e-m/fpu\libc_nano.a(lib_a-mprec.o)
                0x08004f9a                __s2b
 .text.__hi0bits
                0x08005016       0x40 d:/mydocs/documents/system workbench stm/plugins/fr.ac6.mcu.externaltools.arm-none.win32_1.7.0.201602121829/tools/compiler/bin/../lib/gcc/arm-none-eabi/5.2.1/../../../../arm-none-eabi/lib/armv7e-m/fpu\libc_nano.a(lib_a-mprec.o)
                0x08005016                __hi0bits
 .text.__lo0bits
                0x08005056       0x5a d:/mydocs/documents/system workbench stm/plugins/fr.ac6.mcu.externaltools.arm-none.win32_1.7.0.201602121829/tools/compiler/bin/../lib/gcc/arm-none-eabi/5.2.1/../../../../arm-none-eabi/lib/armv7e-m/fpu\libc_nano.a(lib_a-mprec.o)
                0x08005056                __lo0bits
 .text.__i2b    0x080050b0       0x12 d:/mydocs/documents/system workbench stm/plugins/fr.ac6.mcu.externaltools.arm-none.win32_1.7.0.201602121829/tools/compiler/bin/../lib/gcc/arm-none-eabi/5.2.1/../../../../arm-none-eabi/lib/armv7e-m/fpu\libc_nano.a(lib_a-mprec.o)
                0x080050b0                __i2b
 .text.__multiply
                0x080050c2      0x122 d:/mydocs/documents/system workbench stm/plugins/fr.ac6.mcu.externaltools.arm-none.win32_1.7.0.201602121829/tools/compiler/bin/../lib/gcc/arm-none-eabi/5.2.1/../../../../arm-none-eabi/lib/armv7e-m/fpu\libc_nano.a(lib_a-mprec.o)
                0x080050c2                __multiply
 .text.__pow5mult
                0x080051e4       0x9c d:/mydocs/documents/system workbench stm/plugins/fr.ac6.mcu.externaltools.arm-none.win32_1.7.0.201602121829/tools/compiler/bin/../lib/gcc/arm-none-eabi/5.2.1/../../../../arm-none-eabi/lib/armv7e-m/fpu\libc_nano.a(lib_a-mprec.o)
                0x080051e4                __pow5mult
 .text.__lshift
                0x08005280       0xa2 d:/mydocs/documents/system workbench stm/plugins/fr.ac6.mcu.externaltools.arm-none.win32_1.7.0.201602121829/tools/compiler/bin/../lib/gcc/arm-none-eabi/5.2.1/../../../../arm-none-eabi/lib/armv7e-m/fpu\libc_nano.a(lib_a-mprec.o)
                0x08005280                __lshift
 .text.__mcmp   0x08005322       0x38 d:/mydocs/documents/system workbench stm/plugins/fr.ac6.mcu.externaltools.arm-none.win32_1.7.0.201602121829/tools/compiler/bin/../lib/gcc/arm-none-eabi/5.2.1/../../../../arm-none-eabi/lib/armv7e-m/fpu\libc_nano.a(lib_a-mprec.o)
                0x08005322                __mcmp
 .text.__mdiff  0x0800535a       0xbe d:/mydocs/documents/system workbench stm/plugins/fr.ac6.mcu.externaltools.arm-none.win32_1.7.0.201602121829/tools/compiler/bin/../lib/gcc/arm-none-eabi/5.2.1/../../../../arm-none-eabi/lib/armv7e-m/fpu\libc_nano.a(lib_a-mprec.o)
                0x0800535a                __mdiff
 .text.__ulp    0x08005418       0x50 d:/mydocs/documents/system workbench stm/plugins/fr.ac6.mcu.externaltools.arm-none.win32_1.7.0.201602121829/tools/compiler/bin/../lib/gcc/arm-none-eabi/5.2.1/../../../../arm-none-eabi/lib/armv7e-m/fpu\libc_nano.a(lib_a-mprec.o)
                0x08005418                __ulp
 .text.__b2d    0x08005468       0x9a d:/mydocs/documents/system workbench stm/plugins/fr.ac6.mcu.externaltools.arm-none.win32_1.7.0.201602121829/tools/compiler/bin/../lib/gcc/arm-none-eabi/5.2.1/../../../../arm-none-eabi/lib/armv7e-m/fpu\libc_nano.a(lib_a-mprec.o)
                0x08005468                __b2d
 .text.__d2b    0x08005502       0x9c d:/mydocs/documents/system workbench stm/plugins/fr.ac6.mcu.externaltools.arm-none.win32_1.7.0.201602121829/tools/compiler/bin/../lib/gcc/arm-none-eabi/5.2.1/../../../../arm-none-eabi/lib/armv7e-m/fpu\libc_nano.a(lib_a-mprec.o)
                0x08005502                __d2b
 .text.__ratio  0x0800559e       0x54 d:/mydocs/documents/system workbench stm/plugins/fr.ac6.mcu.externaltools.arm-none.win32_1.7.0.201602121829/tools/compiler/bin/../lib/gcc/arm-none-eabi/5.2.1/../../../../arm-none-eabi/lib/armv7e-m/fpu\libc_nano.a(lib_a-mprec.o)
                0x0800559e                __ratio
 .text.__copybits
                0x080055f2       0x34 d:/mydocs/documents/system workbench stm/plugins/fr.ac6.mcu.externaltools.arm-none.win32_1.7.0.201602121829/tools/compiler/bin/../lib/gcc/arm-none-eabi/5.2.1/../../../../arm-none-eabi/lib/armv7e-m/fpu\libc_nano.a(lib_a-mprec.o)
                0x080055f2                __copybits
 .text.__any_on
                0x08005626       0x44 d:/mydocs/documents/system workbench stm/plugins/fr.ac6.mcu.externaltools.arm-none.win32_1.7.0.201602121829/tools/compiler/bin/../lib/gcc/arm-none-eabi/5.2.1/../../../../arm-none-eabi/lib/armv7e-m/fpu\libc_nano.a(lib_a-mprec.o)
                0x08005626                __any_on
 .text._calloc_r
                0x0800566a       0x1c d:/mydocs/documents/system workbench stm/plugins/fr.ac6.mcu.externaltools.arm-none.win32_1.7.0.201602121829/tools/compiler/bin/../lib/gcc/arm-none-eabi/5.2.1/../../../../arm-none-eabi/lib/armv7e-m/fpu\libc_nano.a(lib_a-nano-callocr.o)
                0x0800566a                _calloc_r
 *fill*         0x08005686        0x2 
 .text._free_r  0x08005688       0x8c d:/mydocs/documents/system workbench stm/plugins/fr.ac6.mcu.externaltools.arm-none.win32_1.7.0.201602121829/tools/compiler/bin/../lib/gcc/arm-none-eabi/5.2.1/../../../../arm-none-eabi/lib/armv7e-m/fpu\libc_nano.a(lib_a-nano-freer.o)
                0x08005688                _free_r
 .text.__ssputs_r
                0x08005714       0xb2 d:/mydocs/documents/system workbench stm/plugins/fr.ac6.mcu.externaltools.arm-none.win32_1.7.0.201602121829/tools/compiler/bin/../lib/gcc/arm-none-eabi/5.2.1/../../../../arm-none-eabi/lib/armv7e-m/fpu\libc_nano.a(lib_a-nano-svfprintf.o)
                0x08005714                __ssputs_r
 *fill*         0x080057c6        0x2 
 .text._svfprintf_r
                0x080057c8      0x1e8 d:/mydocs/documents/system workbench stm/plugins/fr.ac6.mcu.externaltools.arm-none.win32_1.7.0.201602121829/tools/compiler/bin/../lib/gcc/arm-none-eabi/5.2.1/../../../../arm-none-eabi/lib/armv7e-m/fpu\libc_nano.a(lib_a-nano-svfprintf.o)
                0x080057c8                _svfiprintf_r
                0x080057c8                _svfprintf_r
 .text._sungetc_r
                0x080059b0       0x7c d:/mydocs/documents/system workbench stm/plugins/fr.ac6.mcu.externaltools.arm-none.win32_1.7.0.201602121829/tools/compiler/bin/../lib/gcc/arm-none-eabi/5.2.1/../../../../arm-none-eabi/lib/armv7e-m/fpu\libc_nano.a(lib_a-nano-svfscanf.o)
                0x080059b0                _sungetc_r
 .text.__ssrefill_r
                0x08005a2c       0x3a d:/mydocs/documents/system workbench stm/plugins/fr.ac6.mcu.externaltools.arm-none.win32_1.7.0.201602121829/tools/compiler/bin/../lib/gcc/arm-none-eabi/5.2.1/../../../../arm-none-eabi/lib/armv7e-m/fpu\libc_nano.a(lib_a-nano-svfscanf.o)
                0x08005a2c                __ssrefill_r
 *fill*         0x08005a66        0x2 
 .text.__ssvfscanf_r
                0x08005a68      0x29c d:/mydocs/documents/system workbench stm/plugins/fr.ac6.mcu.externaltools.arm-none.win32_1.7.0.201602121829/tools/compiler/bin/../lib/gcc/arm-none-eabi/5.2.1/../../../../arm-none-eabi/lib/armv7e-m/fpu\libc_nano.a(lib_a-nano-svfscanf.o)
                0x08005a68                __ssvfiscanf_r
                0x08005a68                __ssvfscanf_r
 .text.__sfputc_r
                0x08005d04       0x30 d:/mydocs/documents/system workbench stm/plugins/fr.ac6.mcu.externaltools.arm-none.win32_1.7.0.201602121829/tools/compiler/bin/../lib/gcc/arm-none-eabi/5.2.1/../../../../arm-none-eabi/lib/armv7e-m/fpu\libc_nano.a(lib_a-nano-vfprintf.o)
 .text.__sfputs_r
                0x08005d34       0x24 d:/mydocs/documents/system workbench stm/plugins/fr.ac6.mcu.externaltools.arm-none.win32_1.7.0.201602121829/tools/compiler/bin/../lib/gcc/arm-none-eabi/5.2.1/../../../../arm-none-eabi/lib/armv7e-m/fpu\libc_nano.a(lib_a-nano-vfprintf.o)
                0x08005d34                __sfputs_r
 .text._vfprintf_r
                0x08005d58      0x238 d:/mydocs/documents/system workbench stm/plugins/fr.ac6.mcu.externaltools.arm-none.win32_1.7.0.201602121829/tools/compiler/bin/../lib/gcc/arm-none-eabi/5.2.1/../../../../arm-none-eabi/lib/armv7e-m/fpu\libc_nano.a(lib_a-nano-vfprintf.o)
                0x08005d58                _vfprintf_r
                0x08005d58                _vfiprintf_r
 .text._scanf_chars
                0x08005f90       0xc8 d:/mydocs/documents/system workbench stm/plugins/fr.ac6.mcu.externaltools.arm-none.win32_1.7.0.201602121829/tools/compiler/bin/../lib/gcc/arm-none-eabi/5.2.1/../../../../arm-none-eabi/lib/armv7e-m/fpu\libc_nano.a(lib_a-nano-vfscanf_i.o)
                0x08005f90                _scanf_chars
 .text._scanf_i
                0x08006058      0x1e4 d:/mydocs/documents/system workbench stm/plugins/fr.ac6.mcu.externaltools.arm-none.win32_1.7.0.201602121829/tools/compiler/bin/../lib/gcc/arm-none-eabi/5.2.1/../../../../arm-none-eabi/lib/armv7e-m/fpu\libc_nano.a(lib_a-nano-vfscanf_i.o)
                0x08006058                _scanf_i
 .text._putc_r  0x0800623c       0x78 d:/mydocs/documents/system workbench stm/plugins/fr.ac6.mcu.externaltools.arm-none.win32_1.7.0.201602121829/tools/compiler/bin/../lib/gcc/arm-none-eabi/5.2.1/../../../../arm-none-eabi/lib/armv7e-m/fpu\libc_nano.a(lib_a-putc.o)
                0x0800623c                _putc_r
 .text._read_r  0x080062b4       0x24 d:/mydocs/documents/system workbench stm/plugins/fr.ac6.mcu.externaltools.arm-none.win32_1.7.0.201602121829/tools/compiler/bin/../lib/gcc/arm-none-eabi/5.2.1/../../../../arm-none-eabi/lib/armv7e-m/fpu\libc_nano.a(lib_a-readr.o)
                0x080062b4                _read_r
 .text.__sccl   0x080062d8       0x62 d:/mydocs/documents/system workbench stm/plugins/fr.ac6.mcu.externaltools.arm-none.win32_1.7.0.201602121829/tools/compiler/bin/../lib/gcc/arm-none-eabi/5.2.1/../../../../arm-none-eabi/lib/armv7e-m/fpu\libc_nano.a(lib_a-sccl.o)
                0x080062d8                __sccl
 .text.strncmp  0x0800633a       0x2a d:/mydocs/documents/system workbench stm/plugins/fr.ac6.mcu.externaltools.arm-none.win32_1.7.0.201602121829/tools/compiler/bin/../lib/gcc/arm-none-eabi/5.2.1/../../../../arm-none-eabi/lib/armv7e-m/fpu\libc_nano.a(lib_a-strncmp.o)
                0x0800633a                strncmp
 .text._strtoul_r
                0x08006364       0xfc d:/mydocs/documents/system workbench stm/plugins/fr.ac6.mcu.externaltools.arm-none.win32_1.7.0.201602121829/tools/compiler/bin/../lib/gcc/arm-none-eabi/5.2.1/../../../../arm-none-eabi/lib/armv7e-m/fpu\libc_nano.a(lib_a-strtoul.o)
                0x08006364                _strtoul_r
 .text.__submore
                0x08006460       0x76 d:/mydocs/documents/system workbench stm/plugins/fr.ac6.mcu.externaltools.arm-none.win32_1.7.0.201602121829/tools/compiler/bin/../lib/gcc/arm-none-eabi/5.2.1/../../../../arm-none-eabi/lib/armv7e-m/fpu\libc_nano.a(lib_a-ungetc.o)
                0x08006460                __submore
 *fill*         0x080064d6        0x2 
 .text._fstat_r
                0x080064d8       0x24 d:/mydocs/documents/system workbench stm/plugins/fr.ac6.mcu.externaltools.arm-none.win32_1.7.0.201602121829/tools/compiler/bin/../lib/gcc/arm-none-eabi/5.2.1/../../../../arm-none-eabi/lib/armv7e-m/fpu\libc_nano.a(lib_a-fstatr.o)
                0x080064d8                _fstat_r
 .text._isatty_r
                0x080064fc       0x20 d:/mydocs/documents/system workbench stm/plugins/fr.ac6.mcu.externaltools.arm-none.win32_1.7.0.201602121829/tools/compiler/bin/../lib/gcc/arm-none-eabi/5.2.1/../../../../arm-none-eabi/lib/armv7e-m/fpu\libc_nano.a(lib_a-isattyr.o)
                0x080064fc                _isatty_r
 .text.memmove  0x0800651c       0x36 d:/mydocs/documents/system workbench stm/plugins/fr.ac6.mcu.externaltools.arm-none.win32_1.7.0.201602121829/tools/compiler/bin/../lib/gcc/arm-none-eabi/5.2.1/../../../../arm-none-eabi/lib/armv7e-m/fpu\libc_nano.a(lib_a-memmove.o)
                0x0800651c                memmove
 .text._realloc_r
                0x08006552       0x4c d:/mydocs/documents/system workbench stm/plugins/fr.ac6.mcu.externaltools.arm-none.win32_1.7.0.201602121829/tools/compiler/bin/../lib/gcc/arm-none-eabi/5.2.1/../../../../arm-none-eabi/lib/armv7e-m/fpu\libc_nano.a(lib_a-nano-reallocr.o)
                0x08006552                _realloc_r
 .text._malloc_usable_size_r
                0x0800659e       0x14 d:/mydocs/documents/system workbench stm/plugins/fr.ac6.mcu.externaltools.arm-none.win32_1.7.0.201602121829/tools/compiler/bin/../lib/gcc/arm-none-eabi/5.2.1/../../../../arm-none-eabi/lib/armv7e-m/fpu\libc_nano.a(lib_a-nano-msizer.o)
                0x0800659e                _malloc_usable_size_r
 *(.glue_7)
 .glue_7        0x080065b2        0x0 linker stubs
 *(.glue_7t)
 .glue_7t       0x080065b2        0x0 linker stubs
 *(.eh_frame)
 *fill*         0x080065b2        0x2 
 .eh_frame      0x080065b4        0x0 d:/mydocs/documents/system workbench stm/plugins/fr.ac6.mcu.externaltools.arm-none.win32_1.7.0.201602121829/tools/compiler/bin/../lib/gcc/arm-none-eabi/5.2.1/armv7e-m/fpu/crtbegin.o
 *(.init)
 .init          0x080065b4        0x4 d:/mydocs/documents/system workbench stm/plugins/fr.ac6.mcu.externaltools.arm-none.win32_1.7.0.201602121829/tools/compiler/bin/../lib/gcc/arm-none-eabi/5.2.1/armv7e-m/fpu/crti.o
                0x080065b4                _init
 .init          0x080065b8        0x8 d:/mydocs/documents/system workbench stm/plugins/fr.ac6.mcu.externaltools.arm-none.win32_1.7.0.201602121829/tools/compiler/bin/../lib/gcc/arm-none-eabi/5.2.1/armv7e-m/fpu/crtn.o
 *(.fini)
 .fini          0x080065c0        0x4 d:/mydocs/documents/system workbench stm/plugins/fr.ac6.mcu.externaltools.arm-none.win32_1.7.0.201602121829/tools/compiler/bin/../lib/gcc/arm-none-eabi/5.2.1/armv7e-m/fpu/crti.o
                0x080065c0                _fini
 .fini          0x080065c4        0x8 d:/mydocs/documents/system workbench stm/plugins/fr.ac6.mcu.externaltools.arm-none.win32_1.7.0.201602121829/tools/compiler/bin/../lib/gcc/arm-none-eabi/5.2.1/armv7e-m/fpu/crtn.o
                0x080065cc                . = ALIGN (0x4)
                0x080065cc                _etext = .

.vfp11_veneer   0x080065cc        0x0
 .vfp11_veneer  0x080065cc        0x0 linker stubs

.v4_bx          0x080065cc        0x0
 .v4_bx         0x080065cc        0x0 linker stubs

.iplt           0x080065cc        0x0
 .iplt          0x080065cc        0x0 d:/mydocs/documents/system workbench stm/plugins/fr.ac6.mcu.externaltools.arm-none.win32_1.7.0.201602121829/tools/compiler/bin/../lib/gcc/arm-none-eabi/5.2.1/armv7e-m/fpu/crtbegin.o

.rodata         0x080065d0      0x398
                0x080065d0                . = ALIGN (0x4)
 *(.rodata)
 .rodata        0x080065d0       0x55 src/main.o
 *fill*         0x08006625        0x3 
 .rodata        0x08006628        0xc d:/mydocs/documents/system workbench stm/plugins/fr.ac6.mcu.externaltools.arm-none.win32_1.7.0.201602121829/tools/compiler/bin/../lib/gcc/arm-none-eabi/5.2.1/../../../../arm-none-eabi/lib/armv7e-m/fpu\libc_nano.a(lib_a-nano-vfscanf_i.o)
 *(.rodata*)
 .rodata.__sf_fake_stdin
                0x08006634       0x20 d:/mydocs/documents/system workbench stm/plugins/fr.ac6.mcu.externaltools.arm-none.win32_1.7.0.201602121829/tools/compiler/bin/../lib/gcc/arm-none-eabi/5.2.1/../../../../arm-none-eabi/lib/armv7e-m/fpu\libc_nano.a(lib_a-findfp.o)
                0x08006634                __sf_fake_stdin
 .rodata.__sf_fake_stdout
                0x08006654       0x20 d:/mydocs/documents/system workbench stm/plugins/fr.ac6.mcu.externaltools.arm-none.win32_1.7.0.201602121829/tools/compiler/bin/../lib/gcc/arm-none-eabi/5.2.1/../../../../arm-none-eabi/lib/armv7e-m/fpu\libc_nano.a(lib_a-findfp.o)
                0x08006654                __sf_fake_stdout
 .rodata.__sf_fake_stderr
                0x08006674       0x20 d:/mydocs/documents/system workbench stm/plugins/fr.ac6.mcu.externaltools.arm-none.win32_1.7.0.201602121829/tools/compiler/bin/../lib/gcc/arm-none-eabi/5.2.1/../../../../arm-none-eabi/lib/armv7e-m/fpu\libc_nano.a(lib_a-findfp.o)
                0x08006674                __sf_fake_stderr
 .rodata.str1.1
                0x08006694        0x2 d:/mydocs/documents/system workbench stm/plugins/fr.ac6.mcu.externaltools.arm-none.win32_1.7.0.201602121829/tools/compiler/bin/../lib/gcc/arm-none-eabi/5.2.1/../../../../arm-none-eabi/lib/armv7e-m/fpu\libc_nano.a(lib_a-impure.o)
 *fill*         0x08006696        0x2 
 .rodata._global_impure_ptr
                0x08006698        0x4 d:/mydocs/documents/system workbench stm/plugins/fr.ac6.mcu.externaltools.arm-none.win32_1.7.0.201602121829/tools/compiler/bin/../lib/gcc/arm-none-eabi/5.2.1/../../../../arm-none-eabi/lib/armv7e-m/fpu\libc_nano.a(lib_a-impure.o)
                0x08006698                _global_impure_ptr
 .rodata.str1.1
                0x0800669c       0x10 d:/mydocs/documents/system workbench stm/plugins/fr.ac6.mcu.externaltools.arm-none.win32_1.7.0.201602121829/tools/compiler/bin/../lib/gcc/arm-none-eabi/5.2.1/../../../../arm-none-eabi/lib/armv7e-m/fpu\libc_nano.a(lib_a-nano-vfprintf_float.o)
                                 0x12 (size before relaxing)
 .rodata.str1.1
                0x080066ac       0x22 d:/mydocs/documents/system workbench stm/plugins/fr.ac6.mcu.externaltools.arm-none.win32_1.7.0.201602121829/tools/compiler/bin/../lib/gcc/arm-none-eabi/5.2.1/../../../../arm-none-eabi/lib/armv7e-m/fpu\libc_nano.a(lib_a-nano-vfprintf_i.o)
 .rodata.str1.1
                0x080066ce        0x5 d:/mydocs/documents/system workbench stm/plugins/fr.ac6.mcu.externaltools.arm-none.win32_1.7.0.201602121829/tools/compiler/bin/../lib/gcc/arm-none-eabi/5.2.1/../../../../arm-none-eabi/lib/armv7e-m/fpu\libc_nano.a(lib_a-nano-vfscanf_float.o)
 *fill*         0x080066d3        0x1 
 .rodata.fpinan.5409
                0x080066d4       0x14 d:/mydocs/documents/system workbench stm/plugins/fr.ac6.mcu.externaltools.arm-none.win32_1.7.0.201602121829/tools/compiler/bin/../lib/gcc/arm-none-eabi/5.2.1/../../../../arm-none-eabi/lib/armv7e-m/fpu\libc_nano.a(lib_a-strtod.o)
 .rodata.str1.1
                0x080066e8        0x5 d:/mydocs/documents/system workbench stm/plugins/fr.ac6.mcu.externaltools.arm-none.win32_1.7.0.201602121829/tools/compiler/bin/../lib/gcc/arm-none-eabi/5.2.1/../../../../arm-none-eabi/lib/armv7e-m/fpu\libc_nano.a(lib_a-strtod.o)
                                  0xc (size before relaxing)
 .rodata.fpi.5373
                0x080066e8       0x14 d:/mydocs/documents/system workbench stm/plugins/fr.ac6.mcu.externaltools.arm-none.win32_1.7.0.201602121829/tools/compiler/bin/../lib/gcc/arm-none-eabi/5.2.1/../../../../arm-none-eabi/lib/armv7e-m/fpu\libc_nano.a(lib_a-strtod.o)
 *fill*         0x080066fc        0x4 
 .rodata.tinytens
                0x08006700       0x28 d:/mydocs/documents/system workbench stm/plugins/fr.ac6.mcu.externaltools.arm-none.win32_1.7.0.201602121829/tools/compiler/bin/../lib/gcc/arm-none-eabi/5.2.1/../../../../arm-none-eabi/lib/armv7e-m/fpu\libc_nano.a(lib_a-strtod.o)
 .rodata._ctype_
                0x08006728      0x101 d:/mydocs/documents/system workbench stm/plugins/fr.ac6.mcu.externaltools.arm-none.win32_1.7.0.201602121829/tools/compiler/bin/../lib/gcc/arm-none-eabi/5.2.1/../../../../arm-none-eabi/lib/armv7e-m/fpu\libc_nano.a(lib_a-ctype_.o)
                0x08006728                _ctype_
 .rodata.str1.1
                0x08006829        0xd d:/mydocs/documents/system workbench stm/plugins/fr.ac6.mcu.externaltools.arm-none.win32_1.7.0.201602121829/tools/compiler/bin/../lib/gcc/arm-none-eabi/5.2.1/../../../../arm-none-eabi/lib/armv7e-m/fpu\libc_nano.a(lib_a-dtoa.o)
                                  0xf (size before relaxing)
 .rodata.str1.1
                0x08006836        0x8 d:/mydocs/documents/system workbench stm/plugins/fr.ac6.mcu.externaltools.arm-none.win32_1.7.0.201602121829/tools/compiler/bin/../lib/gcc/arm-none-eabi/5.2.1/../../../../arm-none-eabi/lib/armv7e-m/fpu\libc_nano.a(lib_a-locale.o)
                                  0xb (size before relaxing)
 *fill*         0x0800683e        0x2 
 .rodata.__mprec_tens
                0x08006840       0xc8 d:/mydocs/documents/system workbench stm/plugins/fr.ac6.mcu.externaltools.arm-none.win32_1.7.0.201602121829/tools/compiler/bin/../lib/gcc/arm-none-eabi/5.2.1/../../../../arm-none-eabi/lib/armv7e-m/fpu\libc_nano.a(lib_a-mprec.o)
                0x08006840                __mprec_tens
 .rodata.__mprec_bigtens
                0x08006908       0x28 d:/mydocs/documents/system workbench stm/plugins/fr.ac6.mcu.externaltools.arm-none.win32_1.7.0.201602121829/tools/compiler/bin/../lib/gcc/arm-none-eabi/5.2.1/../../../../arm-none-eabi/lib/armv7e-m/fpu\libc_nano.a(lib_a-mprec.o)
                0x08006908                __mprec_bigtens
 .rodata.p05.5416
                0x08006930        0xc d:/mydocs/documents/system workbench stm/plugins/fr.ac6.mcu.externaltools.arm-none.win32_1.7.0.201602121829/tools/compiler/bin/../lib/gcc/arm-none-eabi/5.2.1/../../../../arm-none-eabi/lib/armv7e-m/fpu\libc_nano.a(lib_a-mprec.o)
 .rodata.str1.1
                0x0800693c       0x11 d:/mydocs/documents/system workbench stm/plugins/fr.ac6.mcu.externaltools.arm-none.win32_1.7.0.201602121829/tools/compiler/bin/../lib/gcc/arm-none-eabi/5.2.1/../../../../arm-none-eabi/lib/armv7e-m/fpu\libc_nano.a(lib_a-nano-svfprintf.o)
 .rodata.str1.1
                0x0800694d        0x4 d:/mydocs/documents/system workbench stm/plugins/fr.ac6.mcu.externaltools.arm-none.win32_1.7.0.201602121829/tools/compiler/bin/../lib/gcc/arm-none-eabi/5.2.1/../../../../arm-none-eabi/lib/armv7e-m/fpu\libc_nano.a(lib_a-nano-svfscanf.o)
 .rodata.str1.1
                0x0800694d       0x11 d:/mydocs/documents/system workbench stm/plugins/fr.ac6.mcu.externaltools.arm-none.win32_1.7.0.201602121829/tools/compiler/bin/../lib/gcc/arm-none-eabi/5.2.1/../../../../arm-none-eabi/lib/armv7e-m/fpu\libc_nano.a(lib_a-nano-vfprintf.o)
 .rodata.str1.1
                0x0800694d       0x1b d:/mydocs/documents/system workbench stm/plugins/fr.ac6.mcu.externaltools.arm-none.win32_1.7.0.201602121829/tools/compiler/bin/../lib/gcc/arm-none-eabi/5.2.1/../../../../arm-none-eabi/lib/armv7e-m/fpu\libc_nano.a(lib_a-nano-vfscanf_i.o)
                0x08006968                . = ALIGN (0x4)

.rel.dyn        0x08006968        0x0
 .rel.iplt      0x08006968        0x0 d:/mydocs/documents/system workbench stm/plugins/fr.ac6.mcu.externaltools.arm-none.win32_1.7.0.201602121829/tools/compiler/bin/../lib/gcc/arm-none-eabi/5.2.1/armv7e-m/fpu/crtbegin.o

.ARM.extab      0x08006968        0x0
                0x08006968                . = ALIGN (0x4)
 *(.ARM.extab* .gnu.linkonce.armextab.*)
                0x08006968                . = ALIGN (0x4)

.ARM            0x08006968        0x0
                0x08006968                . = ALIGN (0x4)
                0x08006968                __exidx_start = .
 *(.ARM.exidx*)
                0x08006968                __exidx_end = .
                0x08006968                . = ALIGN (0x4)

.preinit_array  0x08006968        0x0
                0x08006968                . = ALIGN (0x4)
                0x08006968                PROVIDE (__preinit_array_start, .)
 *(.preinit_array*)
                0x08006968                PROVIDE (__preinit_array_end, .)
                0x08006968                . = ALIGN (0x4)

.init_array     0x08006968        0x4
                0x08006968                . = ALIGN (0x4)
                0x08006968                PROVIDE (__init_array_start, .)
 *(SORT(.init_array.*))
 *(.init_array*)
 .init_array    0x08006968        0x4 d:/mydocs/documents/system workbench stm/plugins/fr.ac6.mcu.externaltools.arm-none.win32_1.7.0.201602121829/tools/compiler/bin/../lib/gcc/arm-none-eabi/5.2.1/armv7e-m/fpu/crtbegin.o
                0x0800696c                PROVIDE (__init_array_end, .)
                0x0800696c                . = ALIGN (0x4)

.fini_array     0x0800696c        0x4
                0x0800696c                . = ALIGN (0x4)
                [!provide]                PROVIDE (__fini_array_start, .)
 *(SORT(.fini_array.*))
 *(.fini_array*)
 .fini_array    0x0800696c        0x4 d:/mydocs/documents/system workbench stm/plugins/fr.ac6.mcu.externaltools.arm-none.win32_1.7.0.201602121829/tools/compiler/bin/../lib/gcc/arm-none-eabi/5.2.1/armv7e-m/fpu/crtbegin.o
                [!provide]                PROVIDE (__fini_array_end, .)
                0x08006970                . = ALIGN (0x4)
                0x08006970                _sidata = LOADADDR (.data)

.data           0x20000000       0xa4 load address 0x08006970
                0x20000000                . = ALIGN (0x4)
                0x20000000                _sdata = .
 *(.data)
 .data          0x20000000        0x4 src/uart_driver.o
                0x20000000                buffsize
 *(.data*)
 .data.impure_data
                0x20000004       0x60 d:/mydocs/documents/system workbench stm/plugins/fr.ac6.mcu.externaltools.arm-none.win32_1.7.0.201602121829/tools/compiler/bin/../lib/gcc/arm-none-eabi/5.2.1/../../../../arm-none-eabi/lib/armv7e-m/fpu\libc_nano.a(lib_a-impure.o)
 .data._impure_ptr
                0x20000064        0x4 d:/mydocs/documents/system workbench stm/plugins/fr.ac6.mcu.externaltools.arm-none.win32_1.7.0.201602121829/tools/compiler/bin/../lib/gcc/arm-none-eabi/5.2.1/../../../../arm-none-eabi/lib/armv7e-m/fpu\libc_nano.a(lib_a-impure.o)
                0x20000064                _impure_ptr
 .data.__ctype_ptr__
                0x20000068        0x4 d:/mydocs/documents/system workbench stm/plugins/fr.ac6.mcu.externaltools.arm-none.win32_1.7.0.201602121829/tools/compiler/bin/../lib/gcc/arm-none-eabi/5.2.1/../../../../arm-none-eabi/lib/armv7e-m/fpu\libc_nano.a(lib_a-ctype_.o)
                0x20000068                __ctype_ptr__
 .data.lconv    0x2000006c       0x38 d:/mydocs/documents/system workbench stm/plugins/fr.ac6.mcu.externaltools.arm-none.win32_1.7.0.201602121829/tools/compiler/bin/../lib/gcc/arm-none-eabi/5.2.1/../../../../arm-none-eabi/lib/armv7e-m/fpu\libc_nano.a(lib_a-locale.o)
                0x200000a4                . = ALIGN (0x4)
                0x200000a4                _edata = .

.jcr            0x200000a4        0x0 load address 0x08006a14
 .jcr           0x200000a4        0x0 d:/mydocs/documents/system workbench stm/plugins/fr.ac6.mcu.externaltools.arm-none.win32_1.7.0.201602121829/tools/compiler/bin/../lib/gcc/arm-none-eabi/5.2.1/armv7e-m/fpu/crtbegin.o

.tm_clone_table
                0x200000a4        0x0 load address 0x08006a14
 .tm_clone_table
                0x200000a4        0x0 d:/mydocs/documents/system workbench stm/plugins/fr.ac6.mcu.externaltools.arm-none.win32_1.7.0.201602121829/tools/compiler/bin/../lib/gcc/arm-none-eabi/5.2.1/armv7e-m/fpu/crtbegin.o
 .tm_clone_table
                0x200000a4        0x0 d:/mydocs/documents/system workbench stm/plugins/fr.ac6.mcu.externaltools.arm-none.win32_1.7.0.201602121829/tools/compiler/bin/../lib/gcc/arm-none-eabi/5.2.1/armv7e-m/fpu/crtend.o

.igot.plt       0x200000a4        0x0 load address 0x08006a14
 .igot.plt      0x200000a4        0x0 d:/mydocs/documents/system workbench stm/plugins/fr.ac6.mcu.externaltools.arm-none.win32_1.7.0.201602121829/tools/compiler/bin/../lib/gcc/arm-none-eabi/5.2.1/armv7e-m/fpu/crtbegin.o
                0x200000a4                . = ALIGN (0x4)

.bss            0x200000a4       0xc8 load address 0x08006a14
                0x200000a4                _sbss = .
                0x200000a4                __bss_start__ = _sbss
 *(.bss)
 .bss           0x200000a4       0x1c d:/mydocs/documents/system workbench stm/plugins/fr.ac6.mcu.externaltools.arm-none.win32_1.7.0.201602121829/tools/compiler/bin/../lib/gcc/arm-none-eabi/5.2.1/armv7e-m/fpu/crtbegin.o
 .bss           0x200000c0        0x4 startup/sysmem.o
 *(.bss*)
 .bss.__malloc_sbrk_start
                0x200000c4        0x4 d:/mydocs/documents/system workbench stm/plugins/fr.ac6.mcu.externaltools.arm-none.win32_1.7.0.201602121829/tools/compiler/bin/../lib/gcc/arm-none-eabi/5.2.1/../../../../arm-none-eabi/lib/armv7e-m/fpu\libc_nano.a(lib_a-nano-mallocr.o)
                0x200000c4                __malloc_sbrk_start
 .bss.__malloc_free_list
                0x200000c8        0x4 d:/mydocs/documents/system workbench stm/plugins/fr.ac6.mcu.externaltools.arm-none.win32_1.7.0.201602121829/tools/compiler/bin/../lib/gcc/arm-none-eabi/5.2.1/../../../../arm-none-eabi/lib/armv7e-m/fpu\libc_nano.a(lib_a-nano-mallocr.o)
                0x200000c8                __malloc_free_list
 *(COMMON)
 COMMON         0x200000cc       0x9c src/main.o
                0x200000cc                rx_buffer
                0x20000118                tx_buffer
                0x20000164                test
 COMMON         0x20000168        0x4 d:/mydocs/documents/system workbench stm/plugins/fr.ac6.mcu.externaltools.arm-none.win32_1.7.0.201602121829/tools/compiler/bin/../lib/gcc/arm-none-eabi/5.2.1/../../../../arm-none-eabi/lib/armv7e-m/fpu\libc_nano.a(lib_a-reent.o)
                0x20000168                errno
                0x2000016c                . = ALIGN (0x4)
                0x2000016c                _ebss = .
                0x2000016c                __bss_end__ = _ebss

._user_heap_stack
                0x2000016c      0x404 load address 0x08006a14
                0x20000170                . = ALIGN (0x8)
 *fill*         0x2000016c        0x4 
                0x20000170                PROVIDE (end, .)
                [!provide]                PROVIDE (_end, .)
                0x20000170                . = (. + _Min_Heap_Size)
                0x20000570                . = (. + _Min_Stack_Size)
 *fill*         0x20000170      0x400 
                0x20000570                . = ALIGN (0x8)

/DISCARD/
 libc.a(*)
 libm.a(*)
 libgcc.a(*)

.ARM.attributes
                0x00000000       0x30
 *(.ARM.attributes)
 .ARM.attributes
                0x00000000       0x22 d:/mydocs/documents/system workbench stm/plugins/fr.ac6.mcu.externaltools.arm-none.win32_1.7.0.201602121829/tools/compiler/bin/../lib/gcc/arm-none-eabi/5.2.1/armv7e-m/fpu/crti.o
 .ARM.attributes
                0x00000022       0x34 d:/mydocs/documents/system workbench stm/plugins/fr.ac6.mcu.externaltools.arm-none.win32_1.7.0.201602121829/tools/compiler/bin/../lib/gcc/arm-none-eabi/5.2.1/armv7e-m/fpu/crtbegin.o
 .ARM.attributes
                0x00000056       0x39 src/main.o
 .ARM.attributes
                0x0000008f       0x39 src/syscalls.o
 .ARM.attributes
                0x000000c8       0x39 src/uart_driver.o
 .ARM.attributes
                0x00000101       0x25 startup/startup_stm32.o
 .ARM.attributes
                0x00000126       0x39 startup/sysmem.o
 .ARM.attributes
                0x0000015f       0x34 d:/mydocs/documents/system workbench stm/plugins/fr.ac6.mcu.externaltools.arm-none.win32_1.7.0.201602121829/tools/compiler/bin/../lib/gcc/arm-none-eabi/5.2.1/../../../../arm-none-eabi/lib/armv7e-m/fpu\libc_nano.a(lib_a-errno.o)
 .ARM.attributes
                0x00000193       0x34 d:/mydocs/documents/system workbench stm/plugins/fr.ac6.mcu.externaltools.arm-none.win32_1.7.0.201602121829/tools/compiler/bin/../lib/gcc/arm-none-eabi/5.2.1/../../../../arm-none-eabi/lib/armv7e-m/fpu\libc_nano.a(lib_a-fgets.o)
 .ARM.attributes
                0x000001c7       0x34 d:/mydocs/documents/system workbench stm/plugins/fr.ac6.mcu.externaltools.arm-none.win32_1.7.0.201602121829/tools/compiler/bin/../lib/gcc/arm-none-eabi/5.2.1/../../../../arm-none-eabi/lib/armv7e-m/fpu\libc_nano.a(lib_a-findfp.o)
 .ARM.attributes
                0x000001fb       0x34 d:/mydocs/documents/system workbench stm/plugins/fr.ac6.mcu.externaltools.arm-none.win32_1.7.0.201602121829/tools/compiler/bin/../lib/gcc/arm-none-eabi/5.2.1/../../../../arm-none-eabi/lib/armv7e-m/fpu\libc_nano.a(lib_a-fwalk.o)
 .ARM.attributes
                0x0000022f       0x34 d:/mydocs/documents/system workbench stm/plugins/fr.ac6.mcu.externaltools.arm-none.win32_1.7.0.201602121829/tools/compiler/bin/../lib/gcc/arm-none-eabi/5.2.1/../../../../arm-none-eabi/lib/armv7e-m/fpu\libc_nano.a(lib_a-impure.o)
 .ARM.attributes
                0x00000263       0x34 d:/mydocs/documents/system workbench stm/plugins/fr.ac6.mcu.externaltools.arm-none.win32_1.7.0.201602121829/tools/compiler/bin/../lib/gcc/arm-none-eabi/5.2.1/../../../../arm-none-eabi/lib/armv7e-m/fpu\libc_nano.a(lib_a-init.o)
 .ARM.attributes
                0x00000297       0x20 d:/mydocs/documents/system workbench stm/plugins/fr.ac6.mcu.externaltools.arm-none.win32_1.7.0.201602121829/tools/compiler/bin/../lib/gcc/arm-none-eabi/5.2.1/../../../../arm-none-eabi/lib/armv7e-m/fpu\libc_nano.a(lib_a-memchr.o)
 .ARM.attributes
                0x000002b7       0x34 d:/mydocs/documents/system workbench stm/plugins/fr.ac6.mcu.externaltools.arm-none.win32_1.7.0.201602121829/tools/compiler/bin/../lib/gcc/arm-none-eabi/5.2.1/../../../../arm-none-eabi/lib/armv7e-m/fpu\libc_nano.a(lib_a-memcpy-stub.o)
 .ARM.attributes
                0x000002eb       0x34 d:/mydocs/documents/system workbench stm/plugins/fr.ac6.mcu.externaltools.arm-none.win32_1.7.0.201602121829/tools/compiler/bin/../lib/gcc/arm-none-eabi/5.2.1/../../../../arm-none-eabi/lib/armv7e-m/fpu\libc_nano.a(lib_a-memset.o)
 .ARM.attributes
                0x0000031f       0x34 d:/mydocs/documents/system workbench stm/plugins/fr.ac6.mcu.externaltools.arm-none.win32_1.7.0.201602121829/tools/compiler/bin/../lib/gcc/arm-none-eabi/5.2.1/../../../../arm-none-eabi/lib/armv7e-m/fpu\libc_nano.a(lib_a-nano-mallocr.o)
 .ARM.attributes
                0x00000353       0x34 d:/mydocs/documents/system workbench stm/plugins/fr.ac6.mcu.externaltools.arm-none.win32_1.7.0.201602121829/tools/compiler/bin/../lib/gcc/arm-none-eabi/5.2.1/../../../../arm-none-eabi/lib/armv7e-m/fpu\libc_nano.a(lib_a-nano-vfprintf_float.o)
 .ARM.attributes
                0x00000387       0x34 d:/mydocs/documents/system workbench stm/plugins/fr.ac6.mcu.externaltools.arm-none.win32_1.7.0.201602121829/tools/compiler/bin/../lib/gcc/arm-none-eabi/5.2.1/../../../../arm-none-eabi/lib/armv7e-m/fpu\libc_nano.a(lib_a-nano-vfprintf_i.o)
 .ARM.attributes
                0x000003bb       0x34 d:/mydocs/documents/system workbench stm/plugins/fr.ac6.mcu.externaltools.arm-none.win32_1.7.0.201602121829/tools/compiler/bin/../lib/gcc/arm-none-eabi/5.2.1/../../../../arm-none-eabi/lib/armv7e-m/fpu\libc_nano.a(lib_a-nano-vfscanf_float.o)
 .ARM.attributes
                0x000003ef       0x34 d:/mydocs/documents/system workbench stm/plugins/fr.ac6.mcu.externaltools.arm-none.win32_1.7.0.201602121829/tools/compiler/bin/../lib/gcc/arm-none-eabi/5.2.1/../../../../arm-none-eabi/lib/armv7e-m/fpu\libc_nano.a(lib_a-printf.o)
 .ARM.attributes
                0x00000423       0x34 d:/mydocs/documents/system workbench stm/plugins/fr.ac6.mcu.externaltools.arm-none.win32_1.7.0.201602121829/tools/compiler/bin/../lib/gcc/arm-none-eabi/5.2.1/../../../../arm-none-eabi/lib/armv7e-m/fpu\libc_nano.a(lib_a-putchar.o)
 .ARM.attributes
                0x00000457       0x34 d:/mydocs/documents/system workbench stm/plugins/fr.ac6.mcu.externaltools.arm-none.win32_1.7.0.201602121829/tools/compiler/bin/../lib/gcc/arm-none-eabi/5.2.1/../../../../arm-none-eabi/lib/armv7e-m/fpu\libc_nano.a(lib_a-puts.o)
 .ARM.attributes
                0x0000048b       0x34 d:/mydocs/documents/system workbench stm/plugins/fr.ac6.mcu.externaltools.arm-none.win32_1.7.0.201602121829/tools/compiler/bin/../lib/gcc/arm-none-eabi/5.2.1/../../../../arm-none-eabi/lib/armv7e-m/fpu\libc_nano.a(lib_a-refill.o)
 .ARM.attributes
                0x000004bf       0x34 d:/mydocs/documents/system workbench stm/plugins/fr.ac6.mcu.externaltools.arm-none.win32_1.7.0.201602121829/tools/compiler/bin/../lib/gcc/arm-none-eabi/5.2.1/../../../../arm-none-eabi/lib/armv7e-m/fpu\libc_nano.a(lib_a-s_fpclassify.o)
 .ARM.attributes
                0x000004f3       0x34 d:/mydocs/documents/system workbench stm/plugins/fr.ac6.mcu.externaltools.arm-none.win32_1.7.0.201602121829/tools/compiler/bin/../lib/gcc/arm-none-eabi/5.2.1/../../../../arm-none-eabi/lib/armv7e-m/fpu\libc_nano.a(lib_a-sbrkr.o)
 .ARM.attributes
                0x00000527       0x34 d:/mydocs/documents/system workbench stm/plugins/fr.ac6.mcu.externaltools.arm-none.win32_1.7.0.201602121829/tools/compiler/bin/../lib/gcc/arm-none-eabi/5.2.1/../../../../arm-none-eabi/lib/armv7e-m/fpu\libc_nano.a(lib_a-setvbuf.o)
 .ARM.attributes
                0x0000055b       0x34 d:/mydocs/documents/system workbench stm/plugins/fr.ac6.mcu.externaltools.arm-none.win32_1.7.0.201602121829/tools/compiler/bin/../lib/gcc/arm-none-eabi/5.2.1/../../../../arm-none-eabi/lib/armv7e-m/fpu\libc_nano.a(lib_a-sf_nan.o)
 .ARM.attributes
                0x0000058f       0x34 d:/mydocs/documents/system workbench stm/plugins/fr.ac6.mcu.externaltools.arm-none.win32_1.7.0.201602121829/tools/compiler/bin/../lib/gcc/arm-none-eabi/5.2.1/../../../../arm-none-eabi/lib/armv7e-m/fpu\libc_nano.a(lib_a-sprintf.o)
 .ARM.attributes
                0x000005c3       0x34 d:/mydocs/documents/system workbench stm/plugins/fr.ac6.mcu.externaltools.arm-none.win32_1.7.0.201602121829/tools/compiler/bin/../lib/gcc/arm-none-eabi/5.2.1/../../../../arm-none-eabi/lib/armv7e-m/fpu\libc_nano.a(lib_a-sscanf.o)
 .ARM.attributes
                0x000005f7       0x34 d:/mydocs/documents/system workbench stm/plugins/fr.ac6.mcu.externaltools.arm-none.win32_1.7.0.201602121829/tools/compiler/bin/../lib/gcc/arm-none-eabi/5.2.1/../../../../arm-none-eabi/lib/armv7e-m/fpu\libc_nano.a(lib_a-stdio.o)
 .ARM.attributes
                0x0000062b       0x34 d:/mydocs/documents/system workbench stm/plugins/fr.ac6.mcu.externaltools.arm-none.win32_1.7.0.201602121829/tools/compiler/bin/../lib/gcc/arm-none-eabi/5.2.1/../../../../arm-none-eabi/lib/armv7e-m/fpu\libc_nano.a(lib_a-strchr.o)
 .ARM.attributes
                0x0000065f       0x20 d:/mydocs/documents/system workbench stm/plugins/fr.ac6.mcu.externaltools.arm-none.win32_1.7.0.201602121829/tools/compiler/bin/../lib/gcc/arm-none-eabi/5.2.1/../../../../arm-none-eabi/lib/armv7e-m/fpu\libc_nano.a(lib_a-strcmp.o)
 .ARM.attributes
                0x0000067f       0x1b d:/mydocs/documents/system workbench stm/plugins/fr.ac6.mcu.externaltools.arm-none.win32_1.7.0.201602121829/tools/compiler/bin/../lib/gcc/arm-none-eabi/5.2.1/../../../../arm-none-eabi/lib/armv7e-m/fpu\libc_nano.a(lib_a-strlen.o)
 .ARM.attributes
                0x0000069a       0x34 d:/mydocs/documents/system workbench stm/plugins/fr.ac6.mcu.externaltools.arm-none.win32_1.7.0.201602121829/tools/compiler/bin/../lib/gcc/arm-none-eabi/5.2.1/../../../../arm-none-eabi/lib/armv7e-m/fpu\libc_nano.a(lib_a-strtod.o)
 .ARM.attributes
                0x000006ce       0x34 d:/mydocs/documents/system workbench stm/plugins/fr.ac6.mcu.externaltools.arm-none.win32_1.7.0.201602121829/tools/compiler/bin/../lib/gcc/arm-none-eabi/5.2.1/../../../../arm-none-eabi/lib/armv7e-m/fpu\libc_nano.a(lib_a-strtol.o)
 .ARM.attributes
                0x00000702       0x34 d:/mydocs/documents/system workbench stm/plugins/fr.ac6.mcu.externaltools.arm-none.win32_1.7.0.201602121829/tools/compiler/bin/../lib/gcc/arm-none-eabi/5.2.1/../../../../arm-none-eabi/lib/armv7e-m/fpu\libc_nano.a(lib_a-wbuf.o)
 .ARM.attributes
                0x00000736       0x34 d:/mydocs/documents/system workbench stm/plugins/fr.ac6.mcu.externaltools.arm-none.win32_1.7.0.201602121829/tools/compiler/bin/../lib/gcc/arm-none-eabi/5.2.1/../../../../arm-none-eabi/lib/armv7e-m/fpu\libc_nano.a(lib_a-writer.o)
 .ARM.attributes
                0x0000076a       0x34 d:/mydocs/documents/system workbench stm/plugins/fr.ac6.mcu.externaltools.arm-none.win32_1.7.0.201602121829/tools/compiler/bin/../lib/gcc/arm-none-eabi/5.2.1/../../../../arm-none-eabi/lib/armv7e-m/fpu\libc_nano.a(lib_a-wsetup.o)
 .ARM.attributes
                0x0000079e       0x34 d:/mydocs/documents/system workbench stm/plugins/fr.ac6.mcu.externaltools.arm-none.win32_1.7.0.201602121829/tools/compiler/bin/../lib/gcc/arm-none-eabi/5.2.1/../../../../arm-none-eabi/lib/armv7e-m/fpu\libc_nano.a(lib_a-closer.o)
 .ARM.attributes
                0x000007d2       0x34 d:/mydocs/documents/system workbench stm/plugins/fr.ac6.mcu.externaltools.arm-none.win32_1.7.0.201602121829/tools/compiler/bin/../lib/gcc/arm-none-eabi/5.2.1/../../../../arm-none-eabi/lib/armv7e-m/fpu\libc_nano.a(lib_a-ctype_.o)
 .ARM.attributes
                0x00000806       0x34 d:/mydocs/documents/system workbench stm/plugins/fr.ac6.mcu.externaltools.arm-none.win32_1.7.0.201602121829/tools/compiler/bin/../lib/gcc/arm-none-eabi/5.2.1/../../../../arm-none-eabi/lib/armv7e-m/fpu\libc_nano.a(lib_a-dtoa.o)
 .ARM.attributes
                0x0000083a       0x34 d:/mydocs/documents/system workbench stm/plugins/fr.ac6.mcu.externaltools.arm-none.win32_1.7.0.201602121829/tools/compiler/bin/../lib/gcc/arm-none-eabi/5.2.1/../../../../arm-none-eabi/lib/armv7e-m/fpu\libc_nano.a(lib_a-fflush.o)
 .ARM.attributes
                0x0000086e       0x34 d:/mydocs/documents/system workbench stm/plugins/fr.ac6.mcu.externaltools.arm-none.win32_1.7.0.201602121829/tools/compiler/bin/../lib/gcc/arm-none-eabi/5.2.1/../../../../arm-none-eabi/lib/armv7e-m/fpu\libc_nano.a(lib_a-gdtoa-gethex.o)
 .ARM.attributes
                0x000008a2       0x34 d:/mydocs/documents/system workbench stm/plugins/fr.ac6.mcu.externaltools.arm-none.win32_1.7.0.201602121829/tools/compiler/bin/../lib/gcc/arm-none-eabi/5.2.1/../../../../arm-none-eabi/lib/armv7e-m/fpu\libc_nano.a(lib_a-gdtoa-hexnan.o)
 .ARM.attributes
                0x000008d6       0x34 d:/mydocs/documents/system workbench stm/plugins/fr.ac6.mcu.externaltools.arm-none.win32_1.7.0.201602121829/tools/compiler/bin/../lib/gcc/arm-none-eabi/5.2.1/../../../../arm-none-eabi/lib/armv7e-m/fpu\libc_nano.a(lib_a-locale.o)
 .ARM.attributes
                0x0000090a       0x34 d:/mydocs/documents/system workbench stm/plugins/fr.ac6.mcu.externaltools.arm-none.win32_1.7.0.201602121829/tools/compiler/bin/../lib/gcc/arm-none-eabi/5.2.1/../../../../arm-none-eabi/lib/armv7e-m/fpu\libc_nano.a(lib_a-lseekr.o)
 .ARM.attributes
                0x0000093e       0x34 d:/mydocs/documents/system workbench stm/plugins/fr.ac6.mcu.externaltools.arm-none.win32_1.7.0.201602121829/tools/compiler/bin/../lib/gcc/arm-none-eabi/5.2.1/../../../../arm-none-eabi/lib/armv7e-m/fpu\libc_nano.a(lib_a-makebuf.o)
 .ARM.attributes
                0x00000972       0x34 d:/mydocs/documents/system workbench stm/plugins/fr.ac6.mcu.externaltools.arm-none.win32_1.7.0.201602121829/tools/compiler/bin/../lib/gcc/arm-none-eabi/5.2.1/../../../../arm-none-eabi/lib/armv7e-m/fpu\libc_nano.a(lib_a-malloc.o)
 .ARM.attributes
                0x000009a6       0x34 d:/mydocs/documents/system workbench stm/plugins/fr.ac6.mcu.externaltools.arm-none.win32_1.7.0.201602121829/tools/compiler/bin/../lib/gcc/arm-none-eabi/5.2.1/../../../../arm-none-eabi/lib/armv7e-m/fpu\libc_nano.a(lib_a-mprec.o)
 .ARM.attributes
                0x000009da       0x34 d:/mydocs/documents/system workbench stm/plugins/fr.ac6.mcu.externaltools.arm-none.win32_1.7.0.201602121829/tools/compiler/bin/../lib/gcc/arm-none-eabi/5.2.1/../../../../arm-none-eabi/lib/armv7e-m/fpu\libc_nano.a(lib_a-nano-callocr.o)
 .ARM.attributes
                0x00000a0e       0x34 d:/mydocs/documents/system workbench stm/plugins/fr.ac6.mcu.externaltools.arm-none.win32_1.7.0.201602121829/tools/compiler/bin/../lib/gcc/arm-none-eabi/5.2.1/../../../../arm-none-eabi/lib/armv7e-m/fpu\libc_nano.a(lib_a-nano-freer.o)
 .ARM.attributes
                0x00000a42       0x34 d:/mydocs/documents/system workbench stm/plugins/fr.ac6.mcu.externaltools.arm-none.win32_1.7.0.201602121829/tools/compiler/bin/../lib/gcc/arm-none-eabi/5.2.1/../../../../arm-none-eabi/lib/armv7e-m/fpu\libc_nano.a(lib_a-nano-svfprintf.o)
 .ARM.attributes
                0x00000a76       0x34 d:/mydocs/documents/system workbench stm/plugins/fr.ac6.mcu.externaltools.arm-none.win32_1.7.0.201602121829/tools/compiler/bin/../lib/gcc/arm-none-eabi/5.2.1/../../../../arm-none-eabi/lib/armv7e-m/fpu\libc_nano.a(lib_a-nano-svfscanf.o)
 .ARM.attributes
                0x00000aaa       0x34 d:/mydocs/documents/system workbench stm/plugins/fr.ac6.mcu.externaltools.arm-none.win32_1.7.0.201602121829/tools/compiler/bin/../lib/gcc/arm-none-eabi/5.2.1/../../../../arm-none-eabi/lib/armv7e-m/fpu\libc_nano.a(lib_a-nano-vfprintf.o)
 .ARM.attributes
                0x00000ade       0x34 d:/mydocs/documents/system workbench stm/plugins/fr.ac6.mcu.externaltools.arm-none.win32_1.7.0.201602121829/tools/compiler/bin/../lib/gcc/arm-none-eabi/5.2.1/../../../../arm-none-eabi/lib/armv7e-m/fpu\libc_nano.a(lib_a-nano-vfscanf_i.o)
 .ARM.attributes
                0x00000b12       0x34 d:/mydocs/documents/system workbench stm/plugins/fr.ac6.mcu.externaltools.arm-none.win32_1.7.0.201602121829/tools/compiler/bin/../lib/gcc/arm-none-eabi/5.2.1/../../../../arm-none-eabi/lib/armv7e-m/fpu\libc_nano.a(lib_a-putc.o)
 .ARM.attributes
                0x00000b46       0x34 d:/mydocs/documents/system workbench stm/plugins/fr.ac6.mcu.externaltools.arm-none.win32_1.7.0.201602121829/tools/compiler/bin/../lib/gcc/arm-none-eabi/5.2.1/../../../../arm-none-eabi/lib/armv7e-m/fpu\libc_nano.a(lib_a-readr.o)
 .ARM.attributes
                0x00000b7a       0x34 d:/mydocs/documents/system workbench stm/plugins/fr.ac6.mcu.externaltools.arm-none.win32_1.7.0.201602121829/tools/compiler/bin/../lib/gcc/arm-none-eabi/5.2.1/../../../../arm-none-eabi/lib/armv7e-m/fpu\libc_nano.a(lib_a-reent.o)
 .ARM.attributes
                0x00000bae       0x34 d:/mydocs/documents/system workbench stm/plugins/fr.ac6.mcu.externaltools.arm-none.win32_1.7.0.201602121829/tools/compiler/bin/../lib/gcc/arm-none-eabi/5.2.1/../../../../arm-none-eabi/lib/armv7e-m/fpu\libc_nano.a(lib_a-sccl.o)
 .ARM.attributes
                0x00000be2       0x34 d:/mydocs/documents/system workbench stm/plugins/fr.ac6.mcu.externaltools.arm-none.win32_1.7.0.201602121829/tools/compiler/bin/../lib/gcc/arm-none-eabi/5.2.1/../../../../arm-none-eabi/lib/armv7e-m/fpu\libc_nano.a(lib_a-strncmp.o)
 .ARM.attributes
                0x00000c16       0x34 d:/mydocs/documents/system workbench stm/plugins/fr.ac6.mcu.externaltools.arm-none.win32_1.7.0.201602121829/tools/compiler/bin/../lib/gcc/arm-none-eabi/5.2.1/../../../../arm-none-eabi/lib/armv7e-m/fpu\libc_nano.a(lib_a-strtoul.o)
 .ARM.attributes
                0x00000c4a       0x34 d:/mydocs/documents/system workbench stm/plugins/fr.ac6.mcu.externaltools.arm-none.win32_1.7.0.201602121829/tools/compiler/bin/../lib/gcc/arm-none-eabi/5.2.1/../../../../arm-none-eabi/lib/armv7e-m/fpu\libc_nano.a(lib_a-ungetc.o)
 .ARM.attributes
                0x00000c7e       0x34 d:/mydocs/documents/system workbench stm/plugins/fr.ac6.mcu.externaltools.arm-none.win32_1.7.0.201602121829/tools/compiler/bin/../lib/gcc/arm-none-eabi/5.2.1/../../../../arm-none-eabi/lib/armv7e-m/fpu\libc_nano.a(lib_a-fstatr.o)
 .ARM.attributes
                0x00000cb2       0x34 d:/mydocs/documents/system workbench stm/plugins/fr.ac6.mcu.externaltools.arm-none.win32_1.7.0.201602121829/tools/compiler/bin/../lib/gcc/arm-none-eabi/5.2.1/../../../../arm-none-eabi/lib/armv7e-m/fpu\libc_nano.a(lib_a-isattyr.o)
 .ARM.attributes
                0x00000ce6       0x34 d:/mydocs/documents/system workbench stm/plugins/fr.ac6.mcu.externaltools.arm-none.win32_1.7.0.201602121829/tools/compiler/bin/../lib/gcc/arm-none-eabi/5.2.1/../../../../arm-none-eabi/lib/armv7e-m/fpu\libc_nano.a(lib_a-memmove.o)
 .ARM.attributes
                0x00000d1a       0x34 d:/mydocs/documents/system workbench stm/plugins/fr.ac6.mcu.externaltools.arm-none.win32_1.7.0.201602121829/tools/compiler/bin/../lib/gcc/arm-none-eabi/5.2.1/../../../../arm-none-eabi/lib/armv7e-m/fpu\libc_nano.a(lib_a-nano-reallocr.o)
 .ARM.attributes
                0x00000d4e       0x34 d:/mydocs/documents/system workbench stm/plugins/fr.ac6.mcu.externaltools.arm-none.win32_1.7.0.201602121829/tools/compiler/bin/../lib/gcc/arm-none-eabi/5.2.1/../../../../arm-none-eabi/lib/armv7e-m/fpu\libc_nano.a(lib_a-nano-msizer.o)
 .ARM.attributes
                0x00000d82       0x22 d:/mydocs/documents/system workbench stm/plugins/fr.ac6.mcu.externaltools.arm-none.win32_1.7.0.201602121829/tools/compiler/bin/../lib/gcc/arm-none-eabi/5.2.1/armv7e-m/fpu\libgcc.a(_arm_addsubdf3.o)
 .ARM.attributes
                0x00000da4       0x22 d:/mydocs/documents/system workbench stm/plugins/fr.ac6.mcu.externaltools.arm-none.win32_1.7.0.201602121829/tools/compiler/bin/../lib/gcc/arm-none-eabi/5.2.1/armv7e-m/fpu\libgcc.a(_arm_muldivdf3.o)
 .ARM.attributes
                0x00000dc6       0x22 d:/mydocs/documents/system workbench stm/plugins/fr.ac6.mcu.externaltools.arm-none.win32_1.7.0.201602121829/tools/compiler/bin/../lib/gcc/arm-none-eabi/5.2.1/armv7e-m/fpu\libgcc.a(_arm_cmpdf2.o)
 .ARM.attributes
                0x00000de8       0x22 d:/mydocs/documents/system workbench stm/plugins/fr.ac6.mcu.externaltools.arm-none.win32_1.7.0.201602121829/tools/compiler/bin/../lib/gcc/arm-none-eabi/5.2.1/armv7e-m/fpu\libgcc.a(_arm_fixdfsi.o)
 .ARM.attributes
                0x00000e0a       0x22 d:/mydocs/documents/system workbench stm/plugins/fr.ac6.mcu.externaltools.arm-none.win32_1.7.0.201602121829/tools/compiler/bin/../lib/gcc/arm-none-eabi/5.2.1/armv7e-m/fpu\libgcc.a(_arm_fixunsdfsi.o)
 .ARM.attributes
                0x00000e2c       0x22 d:/mydocs/documents/system workbench stm/plugins/fr.ac6.mcu.externaltools.arm-none.win32_1.7.0.201602121829/tools/compiler/bin/../lib/gcc/arm-none-eabi/5.2.1/armv7e-m/fpu\libgcc.a(_arm_truncdfsf2.o)
 .ARM.attributes
                0x00000e4e       0x34 d:/mydocs/documents/system workbench stm/plugins/fr.ac6.mcu.externaltools.arm-none.win32_1.7.0.201602121829/tools/compiler/bin/../lib/gcc/arm-none-eabi/5.2.1/armv7e-m/fpu/crtend.o
 .ARM.attributes
                0x00000e82       0x22 d:/mydocs/documents/system workbench stm/plugins/fr.ac6.mcu.externaltools.arm-none.win32_1.7.0.201602121829/tools/compiler/bin/../lib/gcc/arm-none-eabi/5.2.1/armv7e-m/fpu/crtn.o
OUTPUT(Lab 9 (CE 2812).elf elf32-littlearm)

.debug_info     0x00000000     0x1f34
 .debug_info    0x00000000      0xb56 src/main.o
 .debug_info    0x00000b56      0x6e4 src/syscalls.o
 .debug_info    0x0000123a      0xb6e src/uart_driver.o
 .debug_info    0x00001da8       0x84 startup/startup_stm32.o
 .debug_info    0x00001e2c      0x108 startup/sysmem.o

.debug_abbrev   0x00000000      0x67c
 .debug_abbrev  0x00000000      0x209 src/main.o
 .debug_abbrev  0x00000209      0x16b src/syscalls.o
 .debug_abbrev  0x00000374      0x255 src/uart_driver.o
 .debug_abbrev  0x000005c9       0x12 startup/startup_stm32.o
 .debug_abbrev  0x000005db       0xa1 startup/sysmem.o

.debug_aranges  0x00000000      0x170
 .debug_aranges
                0x00000000       0x20 src/main.o
 .debug_aranges
                0x00000020       0xa8 src/syscalls.o
 .debug_aranges
                0x000000c8       0x60 src/uart_driver.o
 .debug_aranges
                0x00000128       0x28 startup/startup_stm32.o
 .debug_aranges
                0x00000150       0x20 startup/sysmem.o

.debug_ranges   0x00000000      0x128
 .debug_ranges  0x00000000       0x10 src/main.o
 .debug_ranges  0x00000010       0x98 src/syscalls.o
 .debug_ranges  0x000000a8       0x50 src/uart_driver.o
 .debug_ranges  0x000000f8       0x20 startup/startup_stm32.o
 .debug_ranges  0x00000118       0x10 startup/sysmem.o

.debug_macro    0x00000000     0x31af
 .debug_macro   0x00000000      0x210 src/main.o
 .debug_macro   0x00000210      0x89e src/main.o
 .debug_macro   0x00000aae       0x58 src/main.o
 .debug_macro   0x00000b06       0x22 src/main.o
 .debug_macro   0x00000b28       0x35 src/main.o
 .debug_macro   0x00000b5d       0x9c src/main.o
 .debug_macro   0x00000bf9       0x16 src/main.o
 .debug_macro   0x00000c0f       0x4a src/main.o
 .debug_macro   0x00000c59       0x97 src/main.o
 .debug_macro   0x00000cf0      0x329 src/main.o
 .debug_macro   0x00001019       0xfd src/main.o
 .debug_macro   0x00001116       0x10 src/main.o
 .debug_macro   0x00001126       0x52 src/main.o
 .debug_macro   0x00001178       0x16 src/main.o
 .debug_macro   0x0000118e       0x43 src/main.o
 .debug_macro   0x000011d1      0x187 src/main.o
 .debug_macro   0x00001358       0x10 src/main.o
 .debug_macro   0x00001368       0x22 src/main.o
 .debug_macro   0x0000138a       0x22 src/main.o
 .debug_macro   0x000013ac       0x3a src/main.o
 .debug_macro   0x000013e6       0x10 src/main.o
 .debug_macro   0x000013f6       0x40 src/main.o
 .debug_macro   0x00001436       0x65 src/main.o
 .debug_macro   0x0000149b       0x16 src/main.o
 .debug_macro   0x000014b1      0x197 src/main.o
 .debug_macro   0x00001648       0x16 src/main.o
 .debug_macro   0x0000165e       0x35 src/main.o
 .debug_macro   0x00001693       0x16 src/main.o
 .debug_macro   0x000016a9       0x29 src/main.o
 .debug_macro   0x000016d2       0xfd src/main.o
 .debug_macro   0x000017cf      0x1e5 src/main.o
 .debug_macro   0x000019b4      0x45d src/main.o
 .debug_macro   0x00001e11       0x76 src/main.o
 .debug_macro   0x00001e87       0x4c src/main.o
 .debug_macro   0x00001ed3      0x23c src/syscalls.o
 .debug_macro   0x0000210f      0x174 src/syscalls.o
 .debug_macro   0x00002283       0x10 src/syscalls.o
 .debug_macro   0x00002293       0x10 src/syscalls.o
 .debug_macro   0x000022a3       0x10 src/syscalls.o
 .debug_macro   0x000022b3       0x35 src/syscalls.o
 .debug_macro   0x000022e8      0x122 src/syscalls.o
 .debug_macro   0x0000240a       0x10 src/syscalls.o
 .debug_macro   0x0000241a      0x241 src/syscalls.o
 .debug_macro   0x0000265b       0x1c src/syscalls.o
 .debug_macro   0x00002677      0x159 src/syscalls.o
 .debug_macro   0x000027d0       0x16 src/syscalls.o
 .debug_macro   0x000027e6       0x88 src/syscalls.o
 .debug_macro   0x0000286e       0x70 src/syscalls.o
 .debug_macro   0x000028de      0x1a0 src/uart_driver.o
 .debug_macro   0x00002a7e      0x1df src/uart_driver.o
 .debug_macro   0x00002c5d       0x82 src/uart_driver.o
 .debug_macro   0x00002cdf       0xa2 src/uart_driver.o
 .debug_macro   0x00002d81       0x8d src/uart_driver.o
 .debug_macro   0x00002e0e      0x166 startup/sysmem.o
 .debug_macro   0x00002f74      0x23b startup/sysmem.o

.debug_line     0x00000000     0x14c6
 .debug_line    0x00000000      0x4e9 src/main.o
 .debug_line    0x000004e9      0x640 src/syscalls.o
 .debug_line    0x00000b29      0x53d src/uart_driver.o
 .debug_line    0x00001066       0x82 startup/startup_stm32.o
 .debug_line    0x000010e8      0x3de startup/sysmem.o

.debug_str      0x00000000     0x954a
 .debug_str     0x00000000     0x83f8 src/main.o
                               0x8631 (size before relaxing)
 .debug_str     0x000083f8     0x1044 src/syscalls.o
                               0x8fad (size before relaxing)
 .debug_str     0x0000943c       0xd9 src/uart_driver.o
                               0x8449 (size before relaxing)
 .debug_str     0x00009515       0x35 startup/sysmem.o
                               0x6626 (size before relaxing)

.comment        0x00000000       0x6e
 .comment       0x00000000       0x6e src/main.o
                                 0x6f (size before relaxing)
 .comment       0x0000006e       0x6f src/syscalls.o
 .comment       0x0000006e       0x6f src/uart_driver.o
 .comment       0x0000006e       0x6f startup/sysmem.o

.debug_frame    0x00000000     0x176c
 .debug_frame   0x00000000       0x30 src/main.o
 .debug_frame   0x00000030      0x2ac src/syscalls.o
 .debug_frame   0x000002dc      0x158 src/uart_driver.o
 .debug_frame   0x00000434       0x34 startup/sysmem.o
 .debug_frame   0x00000468       0x20 d:/mydocs/documents/system workbench stm/plugins/fr.ac6.mcu.externaltools.arm-none.win32_1.7.0.201602121829/tools/compiler/bin/../lib/gcc/arm-none-eabi/5.2.1/../../../../arm-none-eabi/lib/armv7e-m/fpu\libc_nano.a(lib_a-errno.o)
 .debug_frame   0x00000488       0x44 d:/mydocs/documents/system workbench stm/plugins/fr.ac6.mcu.externaltools.arm-none.win32_1.7.0.201602121829/tools/compiler/bin/../lib/gcc/arm-none-eabi/5.2.1/../../../../arm-none-eabi/lib/armv7e-m/fpu\libc_nano.a(lib_a-fgets.o)
 .debug_frame   0x000004cc      0x11c d:/mydocs/documents/system workbench stm/plugins/fr.ac6.mcu.externaltools.arm-none.win32_1.7.0.201602121829/tools/compiler/bin/../lib/gcc/arm-none-eabi/5.2.1/../../../../arm-none-eabi/lib/armv7e-m/fpu\libc_nano.a(lib_a-findfp.o)
 .debug_frame   0x000005e8       0x54 d:/mydocs/documents/system workbench stm/plugins/fr.ac6.mcu.externaltools.arm-none.win32_1.7.0.201602121829/tools/compiler/bin/../lib/gcc/arm-none-eabi/5.2.1/../../../../arm-none-eabi/lib/armv7e-m/fpu\libc_nano.a(lib_a-fwalk.o)